
As-needed library included to satisfy reference by file (symbol)

libc.so.6                     CMakeFiles/stm32f405_template.elf.dir/main/main.c.o (__stack_chk_fail@@GLIBC_2.4)
ld-linux-armhf.so.3           CMakeFiles/stm32f405_template.elf.dir/main/main.c.o (__stack_chk_guard@@GLIBC_2.4)
CMakeFiles/stm32f405_template.elf.dir/core/startup_stm32f40_41xxx.s.o: dynamic relocation against `Reset_Handler' in read-only section `.isr_vector'

Discarded input sections

 .data          0x0000000000000000        0x0 CMakeFiles/stm32f405_template.elf.dir/main/main.c.o
 .bss           0x0000000000000000        0x0 CMakeFiles/stm32f405_template.elf.dir/main/main.c.o
 .text          0x0000000000000000       0x14 CMakeFiles/stm32f405_template.elf.dir/core/startup_stm32f40_41xxx.s.o
 .data          0x0000000000000000        0x0 CMakeFiles/stm32f405_template.elf.dir/core/startup_stm32f40_41xxx.s.o
 .bss           0x0000000000000000        0x0 CMakeFiles/stm32f405_template.elf.dir/core/startup_stm32f40_41xxx.s.o
 .text          0x0000000000000000      0x190 CMakeFiles/stm32f405_template.elf.dir/stdlib/src/misc.c.o
 .data          0x0000000000000000        0x0 CMakeFiles/stm32f405_template.elf.dir/stdlib/src/misc.c.o
 .bss           0x0000000000000000        0x0 CMakeFiles/stm32f405_template.elf.dir/stdlib/src/misc.c.o
 .comment       0x0000000000000000       0x2b CMakeFiles/stm32f405_template.elf.dir/stdlib/src/misc.c.o
 .note.GNU-stack
                0x0000000000000000        0x0 CMakeFiles/stm32f405_template.elf.dir/stdlib/src/misc.c.o
 .ARM.attributes
                0x0000000000000000       0x34 CMakeFiles/stm32f405_template.elf.dir/stdlib/src/misc.c.o
 .text          0x0000000000000000      0xa84 CMakeFiles/stm32f405_template.elf.dir/stdlib/src/stm32f4xx_adc.c.o
 .data          0x0000000000000000        0x0 CMakeFiles/stm32f405_template.elf.dir/stdlib/src/stm32f4xx_adc.c.o
 .bss           0x0000000000000000        0x0 CMakeFiles/stm32f405_template.elf.dir/stdlib/src/stm32f4xx_adc.c.o
 .comment       0x0000000000000000       0x2b CMakeFiles/stm32f405_template.elf.dir/stdlib/src/stm32f4xx_adc.c.o
 .note.GNU-stack
                0x0000000000000000        0x0 CMakeFiles/stm32f405_template.elf.dir/stdlib/src/stm32f4xx_adc.c.o
 .ARM.attributes
                0x0000000000000000       0x34 CMakeFiles/stm32f405_template.elf.dir/stdlib/src/stm32f4xx_adc.c.o
 .text          0x0000000000000000     0x119c CMakeFiles/stm32f405_template.elf.dir/stdlib/src/stm32f4xx_can.c.o
 .data          0x0000000000000000        0x0 CMakeFiles/stm32f405_template.elf.dir/stdlib/src/stm32f4xx_can.c.o
 .bss           0x0000000000000000        0x0 CMakeFiles/stm32f405_template.elf.dir/stdlib/src/stm32f4xx_can.c.o
 .comment       0x0000000000000000       0x2b CMakeFiles/stm32f405_template.elf.dir/stdlib/src/stm32f4xx_can.c.o
 .note.GNU-stack
                0x0000000000000000        0x0 CMakeFiles/stm32f405_template.elf.dir/stdlib/src/stm32f4xx_can.c.o
 .ARM.attributes
                0x0000000000000000       0x34 CMakeFiles/stm32f405_template.elf.dir/stdlib/src/stm32f4xx_can.c.o
 .text          0x0000000000000000        0x0 CMakeFiles/stm32f405_template.elf.dir/stdlib/src/stm32f4xx_cec.c.o
 .data          0x0000000000000000        0x0 CMakeFiles/stm32f405_template.elf.dir/stdlib/src/stm32f4xx_cec.c.o
 .bss           0x0000000000000000        0x0 CMakeFiles/stm32f405_template.elf.dir/stdlib/src/stm32f4xx_cec.c.o
 .comment       0x0000000000000000       0x2b CMakeFiles/stm32f405_template.elf.dir/stdlib/src/stm32f4xx_cec.c.o
 .note.GNU-stack
                0x0000000000000000        0x0 CMakeFiles/stm32f405_template.elf.dir/stdlib/src/stm32f4xx_cec.c.o
 .ARM.attributes
                0x0000000000000000       0x39 CMakeFiles/stm32f405_template.elf.dir/stdlib/src/stm32f4xx_cec.c.o
 .text          0x0000000000000000       0xd0 CMakeFiles/stm32f405_template.elf.dir/stdlib/src/stm32f4xx_crc.c.o
 .data          0x0000000000000000        0x0 CMakeFiles/stm32f405_template.elf.dir/stdlib/src/stm32f4xx_crc.c.o
 .bss           0x0000000000000000        0x0 CMakeFiles/stm32f405_template.elf.dir/stdlib/src/stm32f4xx_crc.c.o
 .comment       0x0000000000000000       0x2b CMakeFiles/stm32f405_template.elf.dir/stdlib/src/stm32f4xx_crc.c.o
 .note.GNU-stack
                0x0000000000000000        0x0 CMakeFiles/stm32f405_template.elf.dir/stdlib/src/stm32f4xx_crc.c.o
 .ARM.attributes
                0x0000000000000000       0x34 CMakeFiles/stm32f405_template.elf.dir/stdlib/src/stm32f4xx_crc.c.o
 .text          0x0000000000000000      0x698 CMakeFiles/stm32f405_template.elf.dir/stdlib/src/stm32f4xx_cryp.c.o
 .data          0x0000000000000000        0x0 CMakeFiles/stm32f405_template.elf.dir/stdlib/src/stm32f4xx_cryp.c.o
 .bss           0x0000000000000000        0x0 CMakeFiles/stm32f405_template.elf.dir/stdlib/src/stm32f4xx_cryp.c.o
 .comment       0x0000000000000000       0x2b CMakeFiles/stm32f405_template.elf.dir/stdlib/src/stm32f4xx_cryp.c.o
 .note.GNU-stack
[...]
Memory Configuration

Name             Origin             Length             Attributes
FLASH            0x0000000008000000 0x0000000000100000 xr
RAM              0x0000000020000000 0x0000000000020000 xrw
CCMRAM           0x0000000010000000 0x0000000000010000 rw
*default*        0x0000000000000000 0xffffffffffffffff

Linker script and memory map

LOAD CMakeFiles/stm32f405_template.elf.dir/main/main.c.o
LOAD CMakeFiles/stm32f405_template.elf.dir/core/startup_stm32f40_41xxx.s.o
LOAD CMakeFiles/stm32f405_template.elf.dir/stdlib/src/misc.c.o
LOAD CMakeFiles/stm32f405_template.elf.dir/stdlib/src/stm32f4xx_adc.c.o
LOAD CMakeFiles/stm32f405_template.elf.dir/stdlib/src/stm32f4xx_can.c.o
LOAD CMakeFiles/stm32f405_template.elf.dir/stdlib/src/stm32f4xx_cec.c.o
LOAD CMakeFiles/stm32f405_template.elf.dir/stdlib/src/stm32f4xx_crc.c.o
LOAD CMakeFiles/stm32f405_template.elf.dir/stdlib/src/stm32f4xx_cryp.c.o
LOAD CMakeFiles/stm32f405_template.elf.dir/stdlib/src/stm32f4xx_cryp_aes.c.o
LOAD CMakeFiles/stm32f405_template.elf.dir/stdlib/src/stm32f4xx_cryp_des.c.o
LOAD CMakeFiles/stm32f405_template.elf.dir/stdlib/src/stm32f4xx_cryp_tdes.c.o
LOAD CMakeFiles/stm32f405_template.elf.dir/stdlib/src/stm32f4xx_dac.c.o
LOAD CMakeFiles/stm32f405_template.elf.dir/stdlib/src/stm32f4xx_dbgmcu.c.o
LOAD CMakeFiles/stm32f405_template.elf.dir/stdlib/src/stm32f4xx_dcmi.c.o
LOAD CMakeFiles/stm32f405_template.elf.dir/stdlib/src/stm32f4xx_dfsdm.c.o
LOAD CMakeFiles/stm32f405_template.elf.dir/stdlib/src/stm32f4xx_dma.c.o
LOAD CMakeFiles/stm32f405_template.elf.dir/stdlib/src/stm32f4xx_dma2d.c.o
LOAD CMakeFiles/stm32f405_template.elf.dir/stdlib/src/stm32f4xx_dsi.c.o
LOAD CMakeFiles/stm32f405_template.elf.dir/stdlib/src/stm32f4xx_exti.c.o
LOAD CMakeFiles/stm32f405_template.elf.dir/stdlib/src/stm32f4xx_flash.c.o
LOAD CMakeFiles/stm32f405_template.elf.dir/stdlib/src/stm32f4xx_flash_ramfunc.c.o
LOAD CMakeFiles/stm32f405_template.elf.dir/stdlib/src/stm32f4xx_fmpi2c.c.o
LOAD CMakeFiles/stm32f405_template.elf.dir/stdlib/src/stm32f4xx_gpio.c.o
LOAD CMakeFiles/stm32f405_template.elf.dir/stdlib/src/stm32f4xx_hash.c.o
LOAD CMakeFiles/stm32f405_template.elf.dir/stdlib/src/stm32f4xx_hash_md5.c.o
LOAD CMakeFiles/stm32f405_template.elf.dir/stdlib/src/stm32f4xx_hash_sha1.c.o
LOAD CMakeFiles/stm32f405_template.elf.dir/stdlib/src/stm32f4xx_i2c.c.o
LOAD CMakeFiles/stm32f405_template.elf.dir/stdlib/src/stm32f4xx_iwdg.c.o
LOAD CMakeFiles/stm32f405_template.elf.dir/stdlib/src/stm32f4xx_lptim.c.o
LOAD CMakeFiles/stm32f405_template.elf.dir/stdlib/src/stm32f4xx_ltdc.c.o
LOAD CMakeFiles/stm32f405_template.elf.dir/stdlib/src/stm32f4xx_pwr.c.o
LOAD CMakeFiles/stm32f405_template.elf.dir/stdlib/src/stm32f4xx_qspi.c.o
LOAD CMakeFiles/stm32f405_template.elf.dir/stdlib/src/stm32f4xx_rcc.c.o
LOAD CMakeFiles/stm32f405_template.elf.dir/stdlib/src/stm32f4xx_rng.c.o
LOAD CMakeFiles/stm32f405_template.elf.dir/stdlib/src/stm32f4xx_rtc.c.o
LOAD CMakeFiles/stm32f405_template.elf.dir/stdlib/src/stm32f4xx_sai.c.o
LOAD CMakeFiles/stm32f405_template.elf.dir/stdlib/src/stm32f4xx_sdio.c.o
LOAD CMakeFiles/stm32f405_template.elf.dir/stdlib/src/stm32f4xx_spdifrx.c.o
LOAD CMakeFiles/stm32f405_template.elf.dir/stdlib/src/stm32f4xx_spi.c.o
LOAD CMakeFiles/stm32f405_template.elf.dir/stdlib/src/stm32f4xx_syscfg.c.o
LOAD CMakeFiles/stm32f405_template.elf.dir/stdlib/src/stm32f4xx_tim.c.o
LOAD CMakeFiles/stm32f405_template.elf.dir/stdlib/src/stm32f4xx_usart.c.o
LOAD CMakeFiles/stm32f405_template.elf.dir/stdlib/src/stm32f4xx_wwdg.c.o
LOAD CMakeFiles/stm32f405_template.elf.dir/stdlib/src/system_stm32f4xx.c.o
LOAD /usr/lib/gcc-cross/arm-linux-gnueabihf/9/libgcc.a
LOAD /usr/lib/gcc-cross/arm-linux-gnueabihf/9/libgcc_s.so
START GROUP
LOAD /usr/lib/gcc-cross/arm-linux-gnueabihf/9/../../../../arm-linux-gnueabihf/lib/../lib/libgcc_s.so.1
LOAD /usr/lib/gcc-cross/arm-linux-gnueabihf/9/libgcc.a
END GROUP
LOAD /usr/lib/gcc-cross/arm-linux-gnueabihf/9/../../../../arm-linux-gnueabihf/lib/../lib/libc.so
START GROUP
LOAD /usr/arm-linux-gnueabihf/lib/libc.so.6
LOAD /usr/arm-linux-gnueabihf/lib/libc_nonshared.a
LOAD /usr/arm-linux-gnueabihf/lib/ld-linux-armhf.so.3
END GROUP
LOAD /usr/lib/gcc-cross/arm-linux-gnueabihf/9/libgcc.a
LOAD /usr/lib/gcc-cross/arm-linux-gnueabihf/9/libgcc_s.so
START GROUP
LOAD /usr/lib/gcc-cross/arm-linux-gnueabihf/9/../../../../arm-linux-gnueabihf/lib/../lib/libgcc_s.so.1
LOAD /usr/lib/gcc-cross/arm-linux-gnueabihf/9/libgcc.a
LOAD /usr/lib/gcc-cross/arm-linux-gnueabihf/9/../../../../arm-linux-gnueabihf/lib/../lib/libc.a
LOAD /usr/lib/gcc-cross/arm-linux-gnueabihf/9/../../../../arm-linux-gnueabihf/lib/../lib/libm.a
LOAD /usr/lib/gcc-cross/arm-linux-gnueabihf/9/libgcc.a
END GROUP
                0x000000002001ffff                _estack = 0x2001ffff
                0x0000000000000200                _Min_Heap_Size = 0x200
                0x0000000000000400                _Min_Stack_Size = 0x400

.note.gnu.build-id
                0x0000000008000000       0x24
 .note.gnu.build-id
                0x0000000008000000       0x24 linker stubs

.isr_vector     0x0000000008000024      0x188
                0x0000000008000024                . = ALIGN (0x4)
 *(.isr_vector)
 .isr_vector    0x0000000008000024      0x188 CMakeFiles/stm32f405_template.elf.dir/core/startup_stm32f40_41xxx.s.o
                0x0000000008000024                g_pfnVectors
                0x00000000080001ac                . = ALIGN (0x4)

.text           0x00000000080001ac     0x15b0
                0x00000000080001ac                . = ALIGN (0x4)
 *(.text)
 .text          0x00000000080001ac      0x148 CMakeFiles/stm32f405_template.elf.dir/main/main.c.o
                0x00000000080001ac                led_conf
                0x0000000008000280                led_on
                0x00000000080002a8                led_off
                0x00000000080002d0                main
 .text          0x00000000080002f4      0x4d0 CMakeFiles/stm32f405_template.elf.dir/stdlib/src/stm32f4xx_gpio.c.o
                0x00000000080002f4                GPIO_DeInit
                0x0000000008000458                GPIO_Init
                0x0000000008000572                GPIO_StructInit
                0x00000000080005a6                GPIO_PinLockConfig
                0x00000000080005ea                GPIO_ReadInputDataBit
                0x000000000800061e                GPIO_ReadInputData
                0x0000000008000638                GPIO_ReadOutputDataBit
                0x000000000800066c                GPIO_ReadOutputData
                0x0000000008000686                GPIO_SetBits
                0x00000000080006a4                GPIO_ResetBits
                0x00000000080006c2                GPIO_WriteBit
                0x00000000080006f0                GPIO_Write
                0x000000000800070e                GPIO_ToggleBits
                0x0000000008000732                GPIO_PinAFConfig
 .text          0x00000000080007c4      0xcc0 CMakeFiles/stm32f405_template.elf.dir/stdlib/src/stm32f4xx_rcc.c.o
                0x00000000080007c4                RCC_DeInit
                0x0000000008000834                RCC_HSEConfig
                0x000000000800085c                RCC_WaitForHSEStartUp
                0x00000000080008aa                RCC_AdjustHSICalibrationValue
                0x00000000080008e8                RCC_HSICmd
                0x0000000008000908                RCC_LSEConfig
                0x000000000800094c                RCC_LSICmd
                0x000000000800096c                RCC_PLLConfig
                0x00000000080009ac                RCC_PLLCmd
                0x00000000080009cc                RCC_PLLI2SConfig
                0x00000000080009f8                RCC_PLLI2SCmd
                0x0000000008000a18                RCC_PLLSAIConfig
                0x0000000008000a4c                RCC_PLLSAICmd
                0x0000000008000a6c                RCC_ClockSecuritySystemCmd
                0x0000000008000a8c                RCC_MCO1Config
                0x0000000008000acc                RCC_MCO2Config
                0x0000000008000b0c                RCC_SYSCLKConfig
                0x0000000008000b44                RCC_GetSYSCLKSource
                0x0000000008000b64                RCC_HCLKConfig
                0x0000000008000b9c                RCC_PCLK1Config
                0x0000000008000bd4                RCC_PCLK2Config
                0x0000000008000c10                RCC_GetClocksFreq
                0x0000000008000d80                RCC_RTCCLKConfig
                0x0000000008000ddc                RCC_RTCCLKCmd
                0x0000000008000dfc                RCC_BackupResetCmd
                0x0000000008000e1c                RCC_I2SCLKConfig
                0x0000000008000e3c                RCC_SAIBlockACLKConfig
                0x0000000008000e78                RCC_SAIBlockBCLKConfig
                0x0000000008000eb4                RCC_SAIPLLI2SClkDivConfig
                0x0000000008000ef4                RCC_SAIPLLSAIClkDivConfig
                0x0000000008000f34                RCC_LTDCCLKDivConfig
                0x0000000008000f70                RCC_TIMCLKPresConfig
                0x0000000008000f90                RCC_AHB1PeriphClockCmd
                0x0000000008000fcc                RCC_AHB2PeriphClockCmd
                0x0000000008001008                RCC_AHB3PeriphClockCmd
                0x0000000008001044                RCC_APB1PeriphClockCmd
                0x0000000008001080                RCC_APB2PeriphClockCmd
                0x00000000080010bc                RCC_AHB1PeriphResetCmd
                0x00000000080010f8                RCC_AHB2PeriphResetCmd
                0x0000000008001134                RCC_AHB3PeriphResetCmd
                0x0000000008001170                RCC_APB1PeriphResetCmd
                0x00000000080011ac                RCC_APB2PeriphResetCmd
                0x00000000080011e8                RCC_AHB1PeriphClockLPModeCmd
                0x0000000008001224                RCC_AHB2PeriphClockLPModeCmd
                0x0000000008001260                RCC_AHB3PeriphClockLPModeCmd
                0x000000000800129c                RCC_APB1PeriphClockLPModeCmd
                0x00000000080012d8                RCC_APB2PeriphClockLPModeCmd
                0x0000000008001314                RCC_LSEModeConfig
                0x0000000008001350                RCC_ITConfig
                0x0000000008001398                RCC_GetFlagStatus
                0x000000000800140c                RCC_ClearFlag
                0x000000000800142c                RCC_GetITStatus
                0x0000000008001464                RCC_ClearITPendingBit
 .text          0x0000000008001484      0x290 CMakeFiles/stm32f405_template.elf.dir/stdlib/src/system_stm32f4xx.c.o
                0x0000000008001484                SystemInit
                0x00000000080014f0                SystemCoreClockUpdate
 *(.text*)
 .text.Reset_Handler
                0x0000000008001714       0x44 CMakeFiles/stm32f405_template.elf.dir/core/startup_stm32f40_41xxx.s.o
                0x0000000008001714                Reset_Handler
 .text.Default_Handler
                0x0000000008001758        0x2 CMakeFiles/stm32f405_template.elf.dir/core/startup_stm32f40_41xxx.s.o
                0x0000000008001758                OTG_FS_WKUP_IRQHandler
                0x0000000008001758                TIM8_TRG_COM_TIM14_IRQHandler
                0x0000000008001758                Default_Handler
                0x0000000008001758                EXTI1_IRQHandler
                0x0000000008001758                TIM5_IRQHandler
                0x0000000008001758                ADC_IRQHandler
                0x0000000008001758                HardFault_Handler
                0x0000000008001758                BusFault_Handler
                0x0000000008001758                EXTI4_IRQHandler
                0x0000000008001758                ETH_WKUP_IRQHandler
                0x0000000008001758                DMA1_Stream7_IRQHandler
                0x0000000008001758                CAN1_RX0_IRQHandler
                0x0000000008001758                CRYP_IRQHandler
                0x0000000008001758                CAN1_TX_IRQHandler
                0x0000000008001758                I2C3_ER_IRQHandler
                0x0000000008001758                DMA2_Stream6_IRQHandler
                0x0000000008001758                DMA2_Stream0_IRQHandler
                0x0000000008001758                PendSV_Handler
                0x0000000008001758                TIM1_UP_TIM10_IRQHandler
                0x0000000008001758                MemManage_Handler
                0x0000000008001758                OTG_HS_IRQHandler
                0x0000000008001758                DMA1_Stream5_IRQHandler
                0x0000000008001758                OTG_HS_EP1_IN_IRQHandler
                0x0000000008001758                UART4_IRQHandler
                0x0000000008001758                USART1_IRQHandler
                0x0000000008001758                TIM8_UP_TIM13_IRQHandler
                0x0000000008001758                EXTI9_5_IRQHandler
                0x0000000008001758                I2C3_EV_IRQHandler
                0x0000000008001758                DMA2_Stream3_IRQHandler
                0x0000000008001758                TIM1_BRK_TIM9_IRQHandler
                0x0000000008001758                FLASH_IRQHandler
                0x0000000008001758                DMA2_Stream4_IRQHandler
                0x0000000008001758                UsageFault_Handler
                0x0000000008001758                SysTick_Handler
                0x0000000008001758                I2C2_EV_IRQHandler
                0x0000000008001758                RCC_IRQHandler
                0x0000000008001758                UART5_IRQHandler
                0x0000000008001758                RTC_WKUP_IRQHandler
                0x0000000008001758                I2C2_ER_IRQHandler
                0x0000000008001758                SPI2_IRQHandler
                0x0000000008001758                SVC_Handler
                0x0000000008001758                USART3_IRQHandler
                0x0000000008001758                FSMC_IRQHandler
                0x0000000008001758                OTG_HS_WKUP_IRQHandler
                0x0000000008001758                SPI1_IRQHandler
                0x0000000008001758                CAN2_RX1_IRQHandler
                0x0000000008001758                EXTI15_10_IRQHandler
                0x0000000008001758                HASH_RNG_IRQHandler
                0x0000000008001758                OTG_HS_EP1_OUT_IRQHandler
                0x0000000008001758                EXTI3_IRQHandler
                0x0000000008001758                I2C1_EV_IRQHandler
                0x0000000008001758                TIM6_DAC_IRQHandler
                0x0000000008001758                TAMP_STAMP_IRQHandler
                0x0000000008001758                EXTI0_IRQHandler
                0x0000000008001758                TIM4_IRQHandler
                0x0000000008001758                DMA1_Stream0_IRQHandler
                0x0000000008001758                NMI_Handler
                0x0000000008001758                USART6_IRQHandler
                0x0000000008001758                OTG_FS_IRQHandler
                0x0000000008001758                SPI3_IRQHandler
                0x0000000008001758                TIM1_TRG_COM_TIM11_IRQHandler
                0x0000000008001758                TIM2_IRQHandler
                0x0000000008001758                CAN2_RX0_IRQHandler
                0x0000000008001758                TIM7_IRQHandler
                0x0000000008001758                CAN2_TX_IRQHandler
                0x0000000008001758                DCMI_IRQHandler
                0x0000000008001758                CAN1_SCE_IRQHandler
                0x0000000008001758                ETH_IRQHandler
                0x0000000008001758                DMA2_Stream7_IRQHandler
                0x0000000008001758                I2C1_ER_IRQHandler
                0x0000000008001758                TIM3_IRQHandler
                0x0000000008001758                CAN1_RX1_IRQHandler
                0x0000000008001758                DMA1_Stream1_IRQHandler
                0x0000000008001758                RTC_Alarm_IRQHandler
                0x0000000008001758                TIM8_CC_IRQHandler
                0x0000000008001758                DMA1_Stream2_IRQHandler
                0x0000000008001758                SDIO_IRQHandler
                0x0000000008001758                DMA1_Stream3_IRQHandler
                0x0000000008001758                USART2_IRQHandler
                0x0000000008001758                DMA2_Stream2_IRQHandler
                0x0000000008001758                FPU_IRQHandler
                0x0000000008001758                DMA1_Stream4_IRQHandler
                0x0000000008001758                PVD_IRQHandler
                0x0000000008001758                TIM1_CC_IRQHandler
                0x0000000008001758                WWDG_IRQHandler
                0x0000000008001758                DebugMon_Handler
                0x0000000008001758                DMA2_Stream5_IRQHandler
                0x0000000008001758                EXTI2_IRQHandler
                0x0000000008001758                CAN2_SCE_IRQHandler
                0x0000000008001758                TIM8_BRK_TIM12_IRQHandler
                0x0000000008001758                DMA2_Stream1_IRQHandler
                0x0000000008001758                DMA1_Stream6_IRQHandler
 *(.glue_7)
 .glue_7        0x000000000800175a        0x0 linker stubs
 *(.glue_7t)
 .glue_7t       0x000000000800175a        0x0 linker stubs
 *(.eh_frame)
 *(.init)
 *(.fini)
                0x000000000800175c                . = ALIGN (0x4)
 *fill*         0x000000000800175a        0x2 
                0x000000000800175c                _etext = .

.vfp11_veneer   0x000000000800175c        0x0
 .vfp11_veneer  0x000000000800175c        0x0 linker stubs

.v4_bx          0x000000000800175c        0x0
 .v4_bx         0x000000000800175c        0x0 linker stubs

.plt            0x000000000800175c       0x20
 .plt           0x000000000800175c       0x20 CMakeFiles/stm32f405_template.elf.dir/main/main.c.o

.iplt           0x000000000800177c        0x0
 .iplt          0x000000000800177c        0x0 CMakeFiles/stm32f405_template.elf.dir/main/main.c.o

.rodata         0x000000000800177c        0x0
                0x000000000800177c                . = ALIGN (0x4)
 *(.rodata)
 *(.rodata*)
                0x000000000800177c                . = ALIGN (0x4)

.interp         0x000000000800177c       0x19
 .interp        0x000000000800177c       0x19 CMakeFiles/stm32f405_template.elf.dir/main/main.c.o

.gnu.version_d  0x0000000008001798        0x0
 .gnu.version_d
                0x0000000008001798        0x0 CMakeFiles/stm32f405_template.elf.dir/main/main.c.o

.gnu.version    0x0000000008001796        0xa
 .gnu.version   0x0000000008001796        0xa CMakeFiles/stm32f405_template.elf.dir/main/main.c.o

.gnu.version_r  0x00000000080017a0       0x40
 .gnu.version_r
                0x00000000080017a0       0x40 CMakeFiles/stm32f405_template.elf.dir/main/main.c.o

.dynsym         0x00000000080017e0       0x50
 .dynsym        0x00000000080017e0       0x50 CMakeFiles/stm32f405_template.elf.dir/main/main.c.o

.dynstr         0x0000000008001830       0x4c
 .dynstr        0x0000000008001830       0x4c CMakeFiles/stm32f405_template.elf.dir/main/main.c.o

.gnu.hash       0x000000000800187c       0x18
 .gnu.hash      0x000000000800187c       0x18 CMakeFiles/stm32f405_template.elf.dir/main/main.c.o

.rel.dyn        0x0000000008001894      0x320
 .rel.got       0x0000000008001894        0x8 CMakeFiles/stm32f405_template.elf.dir/main/main.c.o
 .rel.plt       0x0000000008001bac        0x8 CMakeFiles/stm32f405_template.elf.dir/main/main.c.o
 .rel.bss       0x00000000080018a4        0x0 CMakeFiles/stm32f405_template.elf.dir/main/main.c.o
 .rel.data.rel.ro
                0x00000000080018a4        0x0 CMakeFiles/stm32f405_template.elf.dir/main/main.c.o
 .rel.iplt      0x00000000080018a4        0x0 CMakeFiles/stm32f405_template.elf.dir/main/main.c.o
 .rel.text.Reset_Handler
                0x000000000800189c       0x28 CMakeFiles/stm32f405_template.elf.dir/main/main.c.o
 .rel.isr_vector
                0x00000000080018c4      0x2e8 CMakeFiles/stm32f405_template.elf.dir/main/main.c.o
 .rel.text      0x0000000008001bb4        0x0 CMakeFiles/stm32f405_template.elf.dir/main/main.c.o

.ARM.extab
 *(.ARM.extab* .gnu.linkonce.armextab.*)

.ARM            0x0000000008001bb4        0x0
                0x0000000008001bb4                __exidx_start = .
 *(.ARM.exidx*)
                0x0000000008001bb4                __exidx_end = .

.preinit_array  0x0000000008001bb4        0x0
                [!provide]                        PROVIDE (__preinit_array_start = .)
 *(.preinit_array*)
                [!provide]                        PROVIDE (__preinit_array_end = .)

.init_array     0x0000000008001bb4        0x0
                [!provide]                        PROVIDE (__init_array_start = .)
 *(SORT_BY_NAME(.init_array.*))
 *(.init_array*)
                [!provide]                        PROVIDE (__init_array_end = .)

.fini_array     0x0000000008001bb4        0x0
                [!provide]                        PROVIDE (__fini_array_start = .)
 *(SORT_BY_NAME(.fini_array.*))
 *(.fini_array*)
                [!provide]                        PROVIDE (__fini_array_end = .)
                0x0000000008001bb4                _sidata = LOADADDR (.data)

.data           0x0000000020000000       0x24 load address 0x0000000008001bb4
                0x0000000020000000                . = ALIGN (0x4)
                0x0000000020000000                _sdata = .
 *(.data)
 .data          0x0000000020000000       0x10 CMakeFiles/stm32f405_template.elf.dir/stdlib/src/stm32f4xx_rcc.c.o
 .data          0x0000000020000010       0x14 CMakeFiles/stm32f405_template.elf.dir/stdlib/src/system_stm32f4xx.c.o
                0x0000000020000010                SystemCoreClock
                0x0000000020000014                AHBPrescTable
 *(.data*)
 .data.rel.ro   0x0000000020000024        0x0 CMakeFiles/stm32f405_template.elf.dir/main/main.c.o
                0x0000000020000024                . = ALIGN (0x4)
                0x0000000020000024                _edata = .
                0x0000000008001cc4                _siccmram = LOADADDR (.ccmram)

.dynamic        0x0000000020000024       0xd8 load address 0x0000000008001bd8
 .dynamic       0x0000000020000024       0xd8 CMakeFiles/stm32f405_template.elf.dir/main/main.c.o
                0x0000000020000024                _DYNAMIC

.got            0x00000000200000fc        0x4 load address 0x0000000008001cb0
 .got           0x00000000200000fc        0x4 CMakeFiles/stm32f405_template.elf.dir/main/main.c.o

.got.plt        0x0000000020000100       0x10 load address 0x0000000008001cb4
 .got.plt       0x0000000020000100       0x10 CMakeFiles/stm32f405_template.elf.dir/main/main.c.o
                0x0000000020000100                _GLOBAL_OFFSET_TABLE_

.igot.plt       0x0000000020000110        0x0 load address 0x0000000008001cc4
 .igot.plt      0x0000000020000110        0x0 CMakeFiles/stm32f405_template.elf.dir/main/main.c.o

.ccmram         0x0000000010000000        0x0 load address 0x0000000008001cc4
                0x0000000010000000                . = ALIGN (0x4)
                0x0000000010000000                _sccmram = .
 *(.ccmram)
 *(.ccmram*)
                0x0000000010000000                . = ALIGN (0x4)
                0x0000000010000000                _eccmram = .
                0x0000000010000000                . = ALIGN (0x4)

.bss            0x0000000020000110        0x0
                0x0000000020000110                _sbss = .
                0x0000000020000110                __bss_start__ = _sbss
 *(.bss)
 *(.bss*)
 *(COMMON)
                0x0000000020000110                . = ALIGN (0x4)
                0x0000000020000110                _ebss = .
                0x0000000020000110                __bss_end__ = _ebss

.dynbss         0x0000000020000110        0x0
 .dynbss        0x0000000020000110        0x0 CMakeFiles/stm32f405_template.elf.dir/main/main.c.o

._user_heap_stack
                0x0000000020000110      0x600
                0x0000000020000110                . = ALIGN (0x4)
                [!provide]                        PROVIDE (end = .)
                [!provide]                        PROVIDE (_end = .)
                0x0000000020000310                . = (. + _Min_Heap_Size)
 *fill*         0x0000000020000110      0x200 
                0x0000000020000710                . = (. + _Min_Stack_Size)
 *fill*         0x0000000020000310      0x400 
                0x0000000020000710                . = ALIGN (0x4)

/DISCARD/
 libc.a(*)
 libm.a(*)
 libgcc.a(*)

.ARM.attributes
                0x0000000000000000       0x32
 *(.ARM.attributes)
 .ARM.attributes
                0x0000000000000000       0x34 CMakeFiles/stm32f405_template.elf.dir/main/main.c.o
 .ARM.attributes
                0x0000000000000034       0x21 CMakeFiles/stm32f405_template.elf.dir/core/startup_stm32f40_41xxx.s.o
 .ARM.attributes
                0x0000000000000055       0x34 CMakeFiles/stm32f405_template.elf.dir/stdlib/src/stm32f4xx_gpio.c.o
 .ARM.attributes
                0x0000000000000089       0x34 CMakeFiles/stm32f405_template.elf.dir/stdlib/src/stm32f4xx_rcc.c.o
 .ARM.attributes
                0x00000000000000bd       0x34 CMakeFiles/stm32f405_template.elf.dir/stdlib/src/system_stm32f4xx.c.o
OUTPUT(../bin/stm32f405_template.elf elf32-littlearm)
LOAD linker stubs

.comment        0x0000000000000000       0x2a
 .comment       0x0000000000000000       0x2a CMakeFiles/stm32f405_template.elf.dir/main/main.c.o
                                         0x2b (size before relaxing)
 .comment       0x000000000000002a       0x2b CMakeFiles/stm32f405_template.elf.dir/stdlib/src/stm32f4xx_gpio.c.o
 .comment       0x000000000000002a       0x2b CMakeFiles/stm32f405_template.elf.dir/stdlib/src/stm32f4xx_rcc.c.o
 .comment       0x000000000000002a       0x2b CMakeFiles/stm32f405_template.elf.dir/stdlib/src/system_stm32f4xx.c.o

.note.GNU-stack
                0x0000000000000000        0x0
 .note.GNU-stack
                0x0000000000000000        0x0 CMakeFiles/stm32f405_template.elf.dir/main/main.c.o
 .note.GNU-stack
                0x0000000000000000        0x0 CMakeFiles/stm32f405_template.elf.dir/stdlib/src/stm32f4xx_gpio.c.o
 .note.GNU-stack
                0x0000000000000000        0x0 CMakeFiles/stm32f405_template.elf.dir/stdlib/src/stm32f4xx_rcc.c.o
 .note.GNU-stack
                0x0000000000000000        0x0 CMakeFiles/stm32f405_template.elf.dir/stdlib/src/system_stm32f4xx.c.o

Cross Reference Table

Symbol                                            File
ADC_AnalogWatchdogCmd                             CMakeFiles/stm32f405_template.elf.dir/stdlib/src/stm32f4xx_adc.c.o
ADC_AnalogWatchdogSingleChannelConfig             CMakeFiles/stm32f405_template.elf.dir/stdlib/src/stm32f4xx_adc.c.o
ADC_AnalogWatchdogThresholdsConfig                CMakeFiles/stm32f405_template.elf.dir/stdlib/src/stm32f4xx_adc.c.o
ADC_AutoInjectedConvCmd                           CMakeFiles/stm32f405_template.elf.dir/stdlib/src/stm32f4xx_adc.c.o
ADC_ClearFlag                                     CMakeFiles/stm32f405_template.elf.dir/stdlib/src/stm32f4xx_adc.c.o
ADC_ClearITPendingBit                             CMakeFiles/stm32f405_template.elf.dir/stdlib/src/stm32f4xx_adc.c.o
ADC_Cmd                                           CMakeFiles/stm32f405_template.elf.dir/stdlib/src/stm32f4xx_adc.c.o
ADC_CommonInit                                    CMakeFiles/stm32f405_template.elf.dir/stdlib/src/stm32f4xx_adc.c.o
ADC_CommonStructInit                              CMakeFiles/stm32f405_template.elf.dir/stdlib/src/stm32f4xx_adc.c.o
ADC_ContinuousModeCmd                             CMakeFiles/stm32f405_template.elf.dir/stdlib/src/stm32f4xx_adc.c.o
ADC_DMACmd                                        CMakeFiles/stm32f405_template.elf.dir/stdlib/src/stm32f4xx_adc.c.o
ADC_DMARequestAfterLastTransferCmd                CMakeFiles/stm32f405_template.elf.dir/stdlib/src/stm32f4xx_adc.c.o
ADC_DeInit                                        CMakeFiles/stm32f405_template.elf.dir/stdlib/src/stm32f4xx_adc.c.o
ADC_DiscModeChannelCountConfig                    CMakeFiles/stm32f405_template.elf.dir/stdlib/src/stm32f4xx_adc.c.o
ADC_DiscModeCmd                                   CMakeFiles/stm32f405_template.elf.dir/stdlib/src/stm32f4xx_adc.c.o
ADC_EOCOnEachRegularChannelCmd                    CMakeFiles/stm32f405_template.elf.dir/stdlib/src/stm32f4xx_adc.c.o
ADC_ExternalTrigInjectedConvConfig                CMakeFiles/stm32f405_template.elf.dir/stdlib/src/stm32f4xx_adc.c.o
ADC_ExternalTrigInjectedConvEdgeConfig            CMakeFiles/stm32f405_template.elf.dir/stdlib/src/stm32f4xx_adc.c.o
ADC_GetConversionValue                            CMakeFiles/stm32f405_template.elf.dir/stdlib/src/stm32f4xx_adc.c.o
ADC_GetFlagStatus                                 CMakeFiles/stm32f405_template.elf.dir/stdlib/src/stm32f4xx_adc.c.o
ADC_GetITStatus                                   CMakeFiles/stm32f405_template.elf.dir/stdlib/src/stm32f4xx_adc.c.o
ADC_GetInjectedConversionValue                    CMakeFiles/stm32f405_template.elf.dir/stdlib/src/stm32f4xx_adc.c.o
ADC_GetMultiModeConversionValue                   CMakeFiles/stm32f405_template.elf.dir/stdlib/src/stm32f4xx_adc.c.o
ADC_GetSoftwareStartConvStatus                    CMakeFiles/stm32f405_template.elf.dir/stdlib/src/stm32f4xx_adc.c.o
ADC_GetSoftwareStartInjectedConvCmdStatus         CMakeFiles/stm32f405_template.elf.dir/stdlib/src/stm32f4xx_adc.c.o
ADC_IRQHandler                                    CMakeFiles/stm32f405_template.elf.dir/core/startup_stm32f40_41xxx.s.o
ADC_ITConfig                                      CMakeFiles/stm32f405_template.elf.dir/stdlib/src/stm32f4xx_adc.c.o
ADC_Init                                          CMakeFiles/stm32f405_template.elf.dir/stdlib/src/stm32f4xx_adc.c.o
ADC_InjectedChannelConfig                         CMakeFiles/stm32f405_template.elf.dir/stdlib/src/stm32f4xx_adc.c.o
ADC_InjectedDiscModeCmd                           CMakeFiles/stm32f405_template.elf.dir/stdlib/src/stm32f4xx_adc.c.o
ADC_InjectedSequencerLengthConfig                 CMakeFiles/stm32f405_template.elf.dir/stdlib/src/stm32f4xx_adc.c.o
ADC_MultiModeDMARequestAfterLastTransferCmd       CMakeFiles/stm32f405_template.elf.dir/stdlib/src/stm32f4xx_adc.c.o
ADC_RegularChannelConfig                          CMakeFiles/stm32f405_template.elf.dir/stdlib/src/stm32f4xx_adc.c.o
ADC_SetInjectedOffset                             CMakeFiles/stm32f405_template.elf.dir/stdlib/src/stm32f4xx_adc.c.o
ADC_SoftwareStartConv                             CMakeFiles/stm32f405_template.elf.dir/stdlib/src/stm32f4xx_adc.c.o
ADC_SoftwareStartInjectedConv                     CMakeFiles/stm32f405_template.elf.dir/stdlib/src/stm32f4xx_adc.c.o
ADC_StructInit                                    CMakeFiles/stm32f405_template.elf.dir/stdlib/src/stm32f4xx_adc.c.o
ADC_TempSensorVrefintCmd                          CMakeFiles/stm32f405_template.elf.dir/stdlib/src/stm32f4xx_adc.c.o
ADC_VBATCmd                                       CMakeFiles/stm32f405_template.elf.dir/stdlib/src/stm32f4xx_adc.c.o
AHBPrescTable                                     CMakeFiles/stm32f405_template.elf.dir/stdlib/src/system_stm32f4xx.c.o
BusFault_Handler                                  CMakeFiles/stm32f405_template.elf.dir/core/startup_stm32f40_41xxx.s.o
CAN1_RX0_IRQHandler                               CMakeFiles/stm32f405_template.elf.dir/core/startup_stm32f40_41xxx.s.o
CAN1_RX1_IRQHandler                               CMakeFiles/stm32f405_template.elf.dir/core/startup_stm32f40_41xxx.s.o
CAN1_SCE_IRQHandler                               CMakeFiles/stm32f405_template.elf.dir/core/startup_stm32f40_41xxx.s.o
CAN1_TX_IRQHandler                                CMakeFiles/stm32f405_template.elf.dir/core/startup_stm32f40_41xxx.s.o
CAN2_RX0_IRQHandler                               CMakeFiles/stm32f405_template.elf.dir/core/startup_stm32f40_41xxx.s.o
CAN2_RX1_IRQHandler                               CMakeFiles/stm32f405_template.elf.dir/core/startup_stm32f40_41xxx.s.o
CAN2_SCE_IRQHandler                               CMakeFiles/stm32f405_template.elf.dir/core/startup_stm32f40_41xxx.s.o
CAN2_TX_IRQHandler                                CMakeFiles/stm32f405_template.elf.dir/core/startup_stm32f40_41xxx.s.o
CAN_CancelTransmit                                CMakeFiles/stm32f405_template.elf.dir/stdlib/src/stm32f4xx_can.c.o
CAN_ClearFlag                                     CMakeFiles/stm32f405_template.elf.dir/stdlib/src/stm32f4xx_can.c.o
CAN_ClearITPendingBit                             CMakeFiles/stm32f405_template.elf.dir/stdlib/src/stm32f4xx_can.c.o
CAN_DBGFreeze                                     CMakeFiles/stm32f405_template.elf.dir/stdlib/src/stm32f4xx_can.c.o
CAN_DeInit                                        CMakeFiles/stm32f405_template.elf.dir/stdlib/src/stm32f4xx_can.c.o
CAN_FIFORelease                                   CMakeFiles/stm32f405_template.elf.dir/stdlib/src/stm32f4xx_can.c.o
CAN_FilterInit                                    CMakeFiles/stm32f405_template.elf.dir/stdlib/src/stm32f4xx_can.c.o
CAN_GetFlagStatus                                 CMakeFiles/stm32f405_template.elf.dir/stdlib/src/stm32f4xx_can.c.o
CAN_GetITStatus                                   CMakeFiles/stm32f405_template.elf.dir/stdlib/src/stm32f4xx_can.c.o
CAN_GetLSBTransmitErrorCounter                    CMakeFiles/stm32f405_template.elf.dir/stdlib/src/stm32f4xx_can.c.o
CAN_GetLastErrorCode                              CMakeFiles/stm32f405_template.elf.dir/stdlib/src/stm32f4xx_can.c.o
CAN_GetReceiveErrorCounter                        CMakeFiles/stm32f405_template.elf.dir/stdlib/src/stm32f4xx_can.c.o
CAN_ITConfig                                      CMakeFiles/stm32f405_template.elf.dir/stdlib/src/stm32f4xx_can.c.o
CAN_Init                                          CMakeFiles/stm32f405_template.elf.dir/stdlib/src/stm32f4xx_can.c.o
CAN_MessagePending                                CMakeFiles/stm32f405_template.elf.dir/stdlib/src/stm32f4xx_can.c.o
CAN_OperatingModeRequest                          CMakeFiles/stm32f405_template.elf.dir/stdlib/src/stm32f4xx_can.c.o
CAN_Receive                                       CMakeFiles/stm32f405_template.elf.dir/stdlib/src/stm32f4xx_can.c.o
CAN_SlaveStartBank                                CMakeFiles/stm32f405_template.elf.dir/stdlib/src/stm32f4xx_can.c.o
CAN_Sleep                                         CMakeFiles/stm32f405_template.elf.dir/stdlib/src/stm32f4xx_can.c.o
CAN_StructInit                                    CMakeFiles/stm32f405_template.elf.dir/stdlib/src/stm32f4xx_can.c.o
CAN_TTComModeCmd                                  CMakeFiles/stm32f405_template.elf.dir/stdlib/src/stm32f4xx_can.c.o
CAN_Transmit                                      CMakeFiles/stm32f405_template.elf.dir/stdlib/src/stm32f4xx_can.c.o
CAN_TransmitStatus                                CMakeFiles/stm32f405_template.elf.dir/stdlib/src/stm32f4xx_can.c.o
CAN_WakeUp                                        CMakeFiles/stm32f405_template.elf.dir/stdlib/src/stm32f4xx_can.c.o
CRC_CalcBlockCRC                                  CMakeFiles/stm32f405_template.elf.dir/stdlib/src/stm32f4xx_crc.c.o
CRC_CalcCRC                                       CMakeFiles/stm32f405_template.elf.dir/stdlib/src/stm32f4xx_crc.c.o
CRC_GetCRC                                        CMakeFiles/stm32f405_template.elf.dir/stdlib/src/stm32f4xx_crc.c.o
CRC_GetIDRegister                                 CMakeFiles/stm32f405_template.elf.dir/stdlib/src/stm32f4xx_crc.c.o
CRC_ResetDR                                       CMakeFiles/stm32f405_template.elf.dir/stdlib/src/stm32f4xx_crc.c.o
CRC_SetIDRegister                                 CMakeFiles/stm32f405_template.elf.dir/stdlib/src/stm32f4xx_crc.c.o
CRYP_AES_CBC                                      CMakeFiles/stm32f405_template.elf.dir/stdlib/src/stm32f4xx_cryp_aes.c.o
CRYP_AES_CCM                                      CMakeFiles/stm32f405_template.elf.dir/stdlib/src/stm32f4xx_cryp_aes.c.o
CRYP_AES_CTR                                      CMakeFiles/stm32f405_template.elf.dir/stdlib/src/stm32f4xx_cryp_aes.c.o
CRYP_AES_ECB                                      CMakeFiles/stm32f405_template.elf.dir/stdlib/src/stm32f4xx_cryp_aes.c.o
CRYP_AES_GCM                                      CMakeFiles/stm32f405_template.elf.dir/stdlib/src/stm32f4xx_cryp_aes.c.o
CRYP_Cmd                                          CMakeFiles/stm32f405_template.elf.dir/stdlib/src/stm32f4xx_cryp.c.o
                                                  CMakeFiles/stm32f405_template.elf.dir/stdlib/src/stm32f4xx_cryp_tdes.c.o
                                                  CMakeFiles/stm32f405_template.elf.dir/stdlib/src/stm32f4xx_cryp_des.c.o
                                                  CMakeFiles/stm32f405_template.elf.dir/stdlib/src/stm32f4xx_cryp_aes.c.o
CRYP_DES_CBC                                      CMakeFiles/stm32f405_template.elf.dir/stdlib/src/stm32f4xx_cryp_des.c.o
CRYP_DES_ECB                                      CMakeFiles/stm32f405_template.elf.dir/stdlib/src/stm32f4xx_cryp_des.c.o
CRYP_DMACmd                                       CMakeFiles/stm32f405_template.elf.dir/stdlib/src/stm32f4xx_cryp.c.o
CRYP_DataIn                                       CMakeFiles/stm32f405_template.elf.dir/stdlib/src/stm32f4xx_cryp.c.o
                                                  CMakeFiles/stm32f405_template.elf.dir/stdlib/src/stm32f4xx_cryp_tdes.c.o
                                                  CMakeFiles/stm32f405_template.elf.dir/stdlib/src/stm32f4xx_cryp_des.c.o
                                                  CMakeFiles/stm32f405_template.elf.dir/stdlib/src/stm32f4xx_cryp_aes.c.o
CRYP_DataOut                                      CMakeFiles/stm32f405_template.elf.dir/stdlib/src/stm32f4xx_cryp.c.o
                                                  CMakeFiles/stm32f405_template.elf.dir/stdlib/src/stm32f4xx_cryp_tdes.c.o
                                                  CMakeFiles/stm32f405_template.elf.dir/stdlib/src/stm32f4xx_cryp_des.c.o
                                                  CMakeFiles/stm32f405_template.elf.dir/stdlib/src/stm32f4xx_cryp_aes.c.o
CRYP_DeInit                                       CMakeFiles/stm32f405_template.elf.dir/stdlib/src/stm32f4xx_cryp.c.o
CRYP_FIFOFlush                                    CMakeFiles/stm32f405_template.elf.dir/stdlib/src/stm32f4xx_cryp.c.o
                                                  CMakeFiles/stm32f405_template.elf.dir/stdlib/src/stm32f4xx_cryp_tdes.c.o
                                                  CMakeFiles/stm32f405_template.elf.dir/stdlib/src/stm32f4xx_cryp_des.c.o
                                                  CMakeFiles/stm32f405_template.elf.dir/stdlib/src/stm32f4xx_cryp_aes.c.o
CRYP_GetCmdStatus                                 CMakeFiles/stm32f405_template.elf.dir/stdlib/src/stm32f4xx_cryp.c.o
                                                  CMakeFiles/stm32f405_template.elf.dir/stdlib/src/stm32f4xx_cryp_tdes.c.o
                                                  CMakeFiles/stm32f405_template.elf.dir/stdlib/src/stm32f4xx_cryp_des.c.o
                                                  CMakeFiles/stm32f405_template.elf.dir/stdlib/src/stm32f4xx_cryp_aes.c.o
CRYP_GetFlagStatus                                CMakeFiles/stm32f405_template.elf.dir/stdlib/src/stm32f4xx_cryp.c.o
                                                  CMakeFiles/stm32f405_template.elf.dir/stdlib/src/stm32f4xx_cryp_tdes.c.o
                                                  CMakeFiles/stm32f405_template.elf.dir/stdlib/src/stm32f4xx_cryp_des.c.o
                                                  CMakeFiles/stm32f405_template.elf.dir/stdlib/src/stm32f4xx_cryp_aes.c.o
CRYP_GetITStatus                                  CMakeFiles/stm32f405_template.elf.dir/stdlib/src/stm32f4xx_cryp.c.o
CRYP_IRQHandler                                   CMakeFiles/stm32f405_template.elf.dir/core/startup_stm32f40_41xxx.s.o
CRYP_ITConfig                                     CMakeFiles/stm32f405_template.elf.dir/stdlib/src/stm32f4xx_cryp.c.o
CRYP_IVInit                                       CMakeFiles/stm32f405_template.elf.dir/stdlib/src/stm32f4xx_cryp.c.o
                                                  CMakeFiles/stm32f405_template.elf.dir/stdlib/src/stm32f4xx_cryp_tdes.c.o
                                                  CMakeFiles/stm32f405_template.elf.dir/stdlib/src/stm32f4xx_cryp_des.c.o
                                                  CMakeFiles/stm32f405_template.elf.dir/stdlib/src/stm32f4xx_cryp_aes.c.o
CRYP_IVStructInit                                 CMakeFiles/stm32f405_template.elf.dir/stdlib/src/stm32f4xx_cryp.c.o
CRYP_Init                                         CMakeFiles/stm32f405_template.elf.dir/stdlib/src/stm32f4xx_cryp.c.o
                                                  CMakeFiles/stm32f405_template.elf.dir/stdlib/src/stm32f4xx_cryp_tdes.c.o
                                                  CMakeFiles/stm32f405_template.elf.dir/stdlib/src/stm32f4xx_cryp_des.c.o
                                                  CMakeFiles/stm32f405_template.elf.dir/stdlib/src/stm32f4xx_cryp_aes.c.o
CRYP_KeyInit                                      CMakeFiles/stm32f405_template.elf.dir/stdlib/src/stm32f4xx_cryp.c.o
                                                  CMakeFiles/stm32f405_template.elf.dir/stdlib/src/stm32f4xx_cryp_tdes.c.o
                                                  CMakeFiles/stm32f405_template.elf.dir/stdlib/src/stm32f4xx_cryp_des.c.o
                                                  CMakeFiles/stm32f405_template.elf.dir/stdlib/src/stm32f4xx_cryp_aes.c.o
CRYP_KeyStructInit                                CMakeFiles/stm32f405_template.elf.dir/stdlib/src/stm32f4xx_cryp.c.o
                                                  CMakeFiles/stm32f405_template.elf.dir/stdlib/src/stm32f4xx_cryp_tdes.c.o
                                                  CMakeFiles/stm32f405_template.elf.dir/stdlib/src/stm32f4xx_cryp_des.c.o
                                                  CMakeFiles/stm32f405_template.elf.dir/stdlib/src/stm32f4xx_cryp_aes.c.o
CRYP_PhaseConfig                                  CMakeFiles/stm32f405_template.elf.dir/stdlib/src/stm32f4xx_cryp.c.o
                                                  CMakeFiles/stm32f405_template.elf.dir/stdlib/src/stm32f4xx_cryp_aes.c.o
CRYP_RestoreContext                               CMakeFiles/stm32f405_template.elf.dir/stdlib/src/stm32f4xx_cryp.c.o
CRYP_SaveContext                                  CMakeFiles/stm32f405_template.elf.dir/stdlib/src/stm32f4xx_cryp.c.o
CRYP_StructInit                                   CMakeFiles/stm32f405_template.elf.dir/stdlib/src/stm32f4xx_cryp.c.o
CRYP_TDES_CBC                                     CMakeFiles/stm32f405_template.elf.dir/stdlib/src/stm32f4xx_cryp_tdes.c.o
CRYP_TDES_ECB                                     CMakeFiles/stm32f405_template.elf.dir/stdlib/src/stm32f4xx_cryp_tdes.c.o
DAC_ClearFlag                                     CMakeFiles/stm32f405_template.elf.dir/stdlib/src/stm32f4xx_dac.c.o
DAC_ClearITPendingBit                             CMakeFiles/stm32f405_template.elf.dir/stdlib/src/stm32f4xx_dac.c.o
DAC_Cmd                                           CMakeFiles/stm32f405_template.elf.dir/stdlib/src/stm32f4xx_dac.c.o
DAC_DMACmd                                        CMakeFiles/stm32f405_template.elf.dir/stdlib/src/stm32f4xx_dac.c.o
DAC_DeInit                                        CMakeFiles/stm32f405_template.elf.dir/stdlib/src/stm32f4xx_dac.c.o
DAC_DualSoftwareTriggerCmd                        CMakeFiles/stm32f405_template.elf.dir/stdlib/src/stm32f4xx_dac.c.o
DAC_GetDataOutputValue                            CMakeFiles/stm32f405_template.elf.dir/stdlib/src/stm32f4xx_dac.c.o
DAC_GetFlagStatus                                 CMakeFiles/stm32f405_template.elf.dir/stdlib/src/stm32f4xx_dac.c.o
DAC_GetITStatus                                   CMakeFiles/stm32f405_template.elf.dir/stdlib/src/stm32f4xx_dac.c.o
DAC_ITConfig                                      CMakeFiles/stm32f405_template.elf.dir/stdlib/src/stm32f4xx_dac.c.o
DAC_Init                                          CMakeFiles/stm32f405_template.elf.dir/stdlib/src/stm32f4xx_dac.c.o
DAC_SetChannel1Data                               CMakeFiles/stm32f405_template.elf.dir/stdlib/src/stm32f4xx_dac.c.o
DAC_SetChannel2Data                               CMakeFiles/stm32f405_template.elf.dir/stdlib/src/stm32f4xx_dac.c.o
DAC_SetDualChannelData                            CMakeFiles/stm32f405_template.elf.dir/stdlib/src/stm32f4xx_dac.c.o
DAC_SoftwareTriggerCmd                            CMakeFiles/stm32f405_template.elf.dir/stdlib/src/stm32f4xx_dac.c.o
DAC_StructInit                                    CMakeFiles/stm32f405_template.elf.dir/stdlib/src/stm32f4xx_dac.c.o
DAC_WaveGenerationCmd                             CMakeFiles/stm32f405_template.elf.dir/stdlib/src/stm32f4xx_dac.c.o
DBGMCU_APB1PeriphConfig                           CMakeFiles/stm32f405_template.elf.dir/stdlib/src/stm32f4xx_dbgmcu.c.o
DBGMCU_APB2PeriphConfig                           CMakeFiles/stm32f405_template.elf.dir/stdlib/src/stm32f4xx_dbgmcu.c.o
DBGMCU_Config                                     CMakeFiles/stm32f405_template.elf.dir/stdlib/src/stm32f4xx_dbgmcu.c.o
DBGMCU_GetDEVID                                   CMakeFiles/stm32f405_template.elf.dir/stdlib/src/stm32f4xx_dbgmcu.c.o
DBGMCU_GetREVID                                   CMakeFiles/stm32f405_template.elf.dir/stdlib/src/stm32f4xx_dbgmcu.c.o
DCMI_CROPCmd                                      CMakeFiles/stm32f405_template.elf.dir/stdlib/src/stm32f4xx_dcmi.c.o
DCMI_CROPConfig                                   CMakeFiles/stm32f405_template.elf.dir/stdlib/src/stm32f4xx_dcmi.c.o
DCMI_CaptureCmd                                   CMakeFiles/stm32f405_template.elf.dir/stdlib/src/stm32f4xx_dcmi.c.o
DCMI_ClearFlag                                    CMakeFiles/stm32f405_template.elf.dir/stdlib/src/stm32f4xx_dcmi.c.o
DCMI_ClearITPendingBit                            CMakeFiles/stm32f405_template.elf.dir/stdlib/src/stm32f4xx_dcmi.c.o
DCMI_Cmd                                          CMakeFiles/stm32f405_template.elf.dir/stdlib/src/stm32f4xx_dcmi.c.o
DCMI_DeInit                                       CMakeFiles/stm32f405_template.elf.dir/stdlib/src/stm32f4xx_dcmi.c.o
DCMI_GetFlagStatus                                CMakeFiles/stm32f405_template.elf.dir/stdlib/src/stm32f4xx_dcmi.c.o
DCMI_GetITStatus                                  CMakeFiles/stm32f405_template.elf.dir/stdlib/src/stm32f4xx_dcmi.c.o
DCMI_IRQHandler                                   CMakeFiles/stm32f405_template.elf.dir/core/startup_stm32f40_41xxx.s.o
DCMI_ITConfig                                     CMakeFiles/stm32f405_template.elf.dir/stdlib/src/stm32f4xx_dcmi.c.o
DCMI_Init                                         CMakeFiles/stm32f405_template.elf.dir/stdlib/src/stm32f4xx_dcmi.c.o
DCMI_JPEGCmd                                      CMakeFiles/stm32f405_template.elf.dir/stdlib/src/stm32f4xx_dcmi.c.o
DCMI_ReadData                                     CMakeFiles/stm32f405_template.elf.dir/stdlib/src/stm32f4xx_dcmi.c.o
DCMI_SetEmbeddedSynchroCodes                      CMakeFiles/stm32f405_template.elf.dir/stdlib/src/stm32f4xx_dcmi.c.o
DCMI_StructInit                                   CMakeFiles/stm32f405_template.elf.dir/stdlib/src/stm32f4xx_dcmi.c.o
DMA1_Stream0_IRQHandler                           CMakeFiles/stm32f405_template.elf.dir/core/startup_stm32f40_41xxx.s.o
DMA1_Stream1_IRQHandler                           CMakeFiles/stm32f405_template.elf.dir/core/startup_stm32f40_41xxx.s.o
DMA1_Stream2_IRQHandler                           CMakeFiles/stm32f405_template.elf.dir/core/startup_stm32f40_41xxx.s.o
DMA1_Stream3_IRQHandler                           CMakeFiles/stm32f405_template.elf.dir/core/startup_stm32f40_41xxx.s.o
DMA1_Stream4_IRQHandler                           CMakeFiles/stm32f405_template.elf.dir/core/startup_stm32f40_41xxx.s.o
DMA1_Stream5_IRQHandler                           CMakeFiles/stm32f405_template.elf.dir/core/startup_stm32f40_41xxx.s.o
DMA1_Stream6_IRQHandler                           CMakeFiles/stm32f405_template.elf.dir/core/startup_stm32f40_41xxx.s.o
DMA1_Stream7_IRQHandler                           CMakeFiles/stm32f405_template.elf.dir/core/startup_stm32f40_41xxx.s.o
DMA2D_AbortTransfer                               CMakeFiles/stm32f405_template.elf.dir/stdlib/src/stm32f4xx_dma2d.c.o
DMA2D_BGConfig                                    CMakeFiles/stm32f405_template.elf.dir/stdlib/src/stm32f4xx_dma2d.c.o
DMA2D_BGStart                                     CMakeFiles/stm32f405_template.elf.dir/stdlib/src/stm32f4xx_dma2d.c.o
DMA2D_BG_StructInit                               CMakeFiles/stm32f405_template.elf.dir/stdlib/src/stm32f4xx_dma2d.c.o
DMA2D_ClearFlag                                   CMakeFiles/stm32f405_template.elf.dir/stdlib/src/stm32f4xx_dma2d.c.o
DMA2D_ClearITPendingBit                           CMakeFiles/stm32f405_template.elf.dir/stdlib/src/stm32f4xx_dma2d.c.o
DMA2D_DeInit                                      CMakeFiles/stm32f405_template.elf.dir/stdlib/src/stm32f4xx_dma2d.c.o
DMA2D_DeadTimeConfig                              CMakeFiles/stm32f405_template.elf.dir/stdlib/src/stm32f4xx_dma2d.c.o
DMA2D_FGConfig                                    CMakeFiles/stm32f405_template.elf.dir/stdlib/src/stm32f4xx_dma2d.c.o
DMA2D_FGStart                                     CMakeFiles/stm32f405_template.elf.dir/stdlib/src/stm32f4xx_dma2d.c.o
DMA2D_FG_StructInit                               CMakeFiles/stm32f405_template.elf.dir/stdlib/src/stm32f4xx_dma2d.c.o
DMA2D_GetFlagStatus                               CMakeFiles/stm32f405_template.elf.dir/stdlib/src/stm32f4xx_dma2d.c.o
DMA2D_GetITStatus                                 CMakeFiles/stm32f405_template.elf.dir/stdlib/src/stm32f4xx_dma2d.c.o
DMA2D_ITConfig                                    CMakeFiles/stm32f405_template.elf.dir/stdlib/src/stm32f4xx_dma2d.c.o
DMA2D_Init                                        CMakeFiles/stm32f405_template.elf.dir/stdlib/src/stm32f4xx_dma2d.c.o
DMA2D_LineWatermarkConfig                         CMakeFiles/stm32f405_template.elf.dir/stdlib/src/stm32f4xx_dma2d.c.o
DMA2D_StartTransfer                               CMakeFiles/stm32f405_template.elf.dir/stdlib/src/stm32f4xx_dma2d.c.o
DMA2D_StructInit                                  CMakeFiles/stm32f405_template.elf.dir/stdlib/src/stm32f4xx_dma2d.c.o
DMA2D_Suspend                                     CMakeFiles/stm32f405_template.elf.dir/stdlib/src/stm32f4xx_dma2d.c.o
DMA2_Stream0_IRQHandler                           CMakeFiles/stm32f405_template.elf.dir/core/startup_stm32f40_41xxx.s.o
DMA2_Stream1_IRQHandler                           CMakeFiles/stm32f405_template.elf.dir/core/startup_stm32f40_41xxx.s.o
DMA2_Stream2_IRQHandler                           CMakeFiles/stm32f405_template.elf.dir/core/startup_stm32f40_41xxx.s.o
DMA2_Stream3_IRQHandler                           CMakeFiles/stm32f405_template.elf.dir/core/startup_stm32f40_41xxx.s.o
DMA2_Stream4_IRQHandler                           CMakeFiles/stm32f405_template.elf.dir/core/startup_stm32f40_41xxx.s.o
DMA2_Stream5_IRQHandler                           CMakeFiles/stm32f405_template.elf.dir/core/startup_stm32f40_41xxx.s.o
DMA2_Stream6_IRQHandler                           CMakeFiles/stm32f405_template.elf.dir/core/startup_stm32f40_41xxx.s.o
DMA2_Stream7_IRQHandler                           CMakeFiles/stm32f405_template.elf.dir/core/startup_stm32f40_41xxx.s.o
DMA_ClearFlag                                     CMakeFiles/stm32f405_template.elf.dir/stdlib/src/stm32f4xx_dma.c.o
DMA_ClearITPendingBit                             CMakeFiles/stm32f405_template.elf.dir/stdlib/src/stm32f4xx_dma.c.o
DMA_Cmd                                           CMakeFiles/stm32f405_template.elf.dir/stdlib/src/stm32f4xx_dma.c.o
DMA_DeInit                                        CMakeFiles/stm32f405_template.elf.dir/stdlib/src/stm32f4xx_dma.c.o
DMA_DoubleBufferModeCmd                           CMakeFiles/stm32f405_template.elf.dir/stdlib/src/stm32f4xx_dma.c.o
DMA_DoubleBufferModeConfig                        CMakeFiles/stm32f405_template.elf.dir/stdlib/src/stm32f4xx_dma.c.o
DMA_FlowControllerConfig                          CMakeFiles/stm32f405_template.elf.dir/stdlib/src/stm32f4xx_dma.c.o
DMA_GetCmdStatus                                  CMakeFiles/stm32f405_template.elf.dir/stdlib/src/stm32f4xx_dma.c.o
DMA_GetCurrDataCounter                            CMakeFiles/stm32f405_template.elf.dir/stdlib/src/stm32f4xx_dma.c.o
DMA_GetCurrentMemoryTarget                        CMakeFiles/stm32f405_template.elf.dir/stdlib/src/stm32f4xx_dma.c.o
DMA_GetFIFOStatus                                 CMakeFiles/stm32f405_template.elf.dir/stdlib/src/stm32f4xx_dma.c.o
DMA_GetFlagStatus                                 CMakeFiles/stm32f405_template.elf.dir/stdlib/src/stm32f4xx_dma.c.o
DMA_GetITStatus                                   CMakeFiles/stm32f405_template.elf.dir/stdlib/src/stm32f4xx_dma.c.o
DMA_ITConfig                                      CMakeFiles/stm32f405_template.elf.dir/stdlib/src/stm32f4xx_dma.c.o
DMA_Init                                          CMakeFiles/stm32f405_template.elf.dir/stdlib/src/stm32f4xx_dma.c.o
DMA_MemoryTargetConfig                            CMakeFiles/stm32f405_template.elf.dir/stdlib/src/stm32f4xx_dma.c.o
DMA_PeriphIncOffsetSizeConfig                     CMakeFiles/stm32f405_template.elf.dir/stdlib/src/stm32f4xx_dma.c.o
DMA_SetCurrDataCounter                            CMakeFiles/stm32f405_template.elf.dir/stdlib/src/stm32f4xx_dma.c.o
DMA_StructInit                                    CMakeFiles/stm32f405_template.elf.dir/stdlib/src/stm32f4xx_dma.c.o
DebugMon_Handler                                  CMakeFiles/stm32f405_template.elf.dir/core/startup_stm32f40_41xxx.s.o
Default_Handler                                   CMakeFiles/stm32f405_template.elf.dir/core/startup_stm32f40_41xxx.s.o
ETH_IRQHandler                                    CMakeFiles/stm32f405_template.elf.dir/core/startup_stm32f40_41xxx.s.o
ETH_WKUP_IRQHandler                               CMakeFiles/stm32f405_template.elf.dir/core/startup_stm32f40_41xxx.s.o
EXTI0_IRQHandler                                  CMakeFiles/stm32f405_template.elf.dir/core/startup_stm32f40_41xxx.s.o
EXTI15_10_IRQHandler                              CMakeFiles/stm32f405_template.elf.dir/core/startup_stm32f40_41xxx.s.o
EXTI1_IRQHandler                                  CMakeFiles/stm32f405_template.elf.dir/core/startup_stm32f40_41xxx.s.o
EXTI2_IRQHandler                                  CMakeFiles/stm32f405_template.elf.dir/core/startup_stm32f40_41xxx.s.o
EXTI3_IRQHandler                                  CMakeFiles/stm32f405_template.elf.dir/core/startup_stm32f40_41xxx.s.o
EXTI4_IRQHandler                                  CMakeFiles/stm32f405_template.elf.dir/core/startup_stm32f40_41xxx.s.o
EXTI9_5_IRQHandler                                CMakeFiles/stm32f405_template.elf.dir/core/startup_stm32f40_41xxx.s.o
EXTI_ClearFlag                                    CMakeFiles/stm32f405_template.elf.dir/stdlib/src/stm32f4xx_exti.c.o
EXTI_ClearITPendingBit                            CMakeFiles/stm32f405_template.elf.dir/stdlib/src/stm32f4xx_exti.c.o
EXTI_DeInit                                       CMakeFiles/stm32f405_template.elf.dir/stdlib/src/stm32f4xx_exti.c.o
EXTI_GenerateSWInterrupt                          CMakeFiles/stm32f405_template.elf.dir/stdlib/src/stm32f4xx_exti.c.o
EXTI_GetFlagStatus                                CMakeFiles/stm32f405_template.elf.dir/stdlib/src/stm32f4xx_exti.c.o
EXTI_GetITStatus                                  CMakeFiles/stm32f405_template.elf.dir/stdlib/src/stm32f4xx_exti.c.o
EXTI_Init                                         CMakeFiles/stm32f405_template.elf.dir/stdlib/src/stm32f4xx_exti.c.o
EXTI_StructInit                                   CMakeFiles/stm32f405_template.elf.dir/stdlib/src/stm32f4xx_exti.c.o
FLASH_ClearFlag                                   CMakeFiles/stm32f405_template.elf.dir/stdlib/src/stm32f4xx_flash.c.o
FLASH_DataCacheCmd                                CMakeFiles/stm32f405_template.elf.dir/stdlib/src/stm32f4xx_flash.c.o
FLASH_DataCacheReset                              CMakeFiles/stm32f405_template.elf.dir/stdlib/src/stm32f4xx_flash.c.o
FLASH_EraseAllBank1Sectors                        CMakeFiles/stm32f405_template.elf.dir/stdlib/src/stm32f4xx_flash.c.o
FLASH_EraseAllBank2Sectors                        CMakeFiles/stm32f405_template.elf.dir/stdlib/src/stm32f4xx_flash.c.o
FLASH_EraseAllSectors                             CMakeFiles/stm32f405_template.elf.dir/stdlib/src/stm32f4xx_flash.c.o
FLASH_EraseSector                                 CMakeFiles/stm32f405_template.elf.dir/stdlib/src/stm32f4xx_flash.c.o
FLASH_FlashInterfaceCmd                           CMakeFiles/stm32f405_template.elf.dir/stdlib/src/stm32f4xx_flash_ramfunc.c.o
FLASH_FlashSleepModeCmd                           CMakeFiles/stm32f405_template.elf.dir/stdlib/src/stm32f4xx_flash_ramfunc.c.o
FLASH_GetFlagStatus                               CMakeFiles/stm32f405_template.elf.dir/stdlib/src/stm32f4xx_flash.c.o
FLASH_GetStatus                                   CMakeFiles/stm32f405_template.elf.dir/stdlib/src/stm32f4xx_flash.c.o
FLASH_IRQHandler                                  CMakeFiles/stm32f405_template.elf.dir/core/startup_stm32f40_41xxx.s.o
FLASH_ITConfig                                    CMakeFiles/stm32f405_template.elf.dir/stdlib/src/stm32f4xx_flash.c.o
FLASH_InstructionCacheCmd                         CMakeFiles/stm32f405_template.elf.dir/stdlib/src/stm32f4xx_flash.c.o
FLASH_InstructionCacheReset                       CMakeFiles/stm32f405_template.elf.dir/stdlib/src/stm32f4xx_flash.c.o
FLASH_Lock                                        CMakeFiles/stm32f405_template.elf.dir/stdlib/src/stm32f4xx_flash.c.o
FLASH_OB_BORConfig                                CMakeFiles/stm32f405_template.elf.dir/stdlib/src/stm32f4xx_flash.c.o
FLASH_OB_BootConfig                               CMakeFiles/stm32f405_template.elf.dir/stdlib/src/stm32f4xx_flash.c.o
FLASH_OB_GetBOR                                   CMakeFiles/stm32f405_template.elf.dir/stdlib/src/stm32f4xx_flash.c.o
FLASH_OB_GetPCROP                                 CMakeFiles/stm32f405_template.elf.dir/stdlib/src/stm32f4xx_flash.c.o
FLASH_OB_GetPCROP1                                CMakeFiles/stm32f405_template.elf.dir/stdlib/src/stm32f4xx_flash.c.o
FLASH_OB_GetRDP                                   CMakeFiles/stm32f405_template.elf.dir/stdlib/src/stm32f4xx_flash.c.o
FLASH_OB_GetUser                                  CMakeFiles/stm32f405_template.elf.dir/stdlib/src/stm32f4xx_flash.c.o
FLASH_OB_GetWRP                                   CMakeFiles/stm32f405_template.elf.dir/stdlib/src/stm32f4xx_flash.c.o
FLASH_OB_GetWRP1                                  CMakeFiles/stm32f405_template.elf.dir/stdlib/src/stm32f4xx_flash.c.o
FLASH_OB_Launch                                   CMakeFiles/stm32f405_template.elf.dir/stdlib/src/stm32f4xx_flash.c.o
FLASH_OB_Lock                                     CMakeFiles/stm32f405_template.elf.dir/stdlib/src/stm32f4xx_flash.c.o
FLASH_OB_PCROP1Config                             CMakeFiles/stm32f405_template.elf.dir/stdlib/src/stm32f4xx_flash.c.o
FLASH_OB_PCROPConfig                              CMakeFiles/stm32f405_template.elf.dir/stdlib/src/stm32f4xx_flash.c.o
FLASH_OB_PCROPSelectionConfig                     CMakeFiles/stm32f405_template.elf.dir/stdlib/src/stm32f4xx_flash.c.o
FLASH_OB_RDPConfig                                CMakeFiles/stm32f405_template.elf.dir/stdlib/src/stm32f4xx_flash.c.o
FLASH_OB_Unlock                                   CMakeFiles/stm32f405_template.elf.dir/stdlib/src/stm32f4xx_flash.c.o
FLASH_OB_UserConfig                               CMakeFiles/stm32f405_template.elf.dir/stdlib/src/stm32f4xx_flash.c.o
FLASH_OB_WRP1Config                               CMakeFiles/stm32f405_template.elf.dir/stdlib/src/stm32f4xx_flash.c.o
FLASH_OB_WRPConfig                                CMakeFiles/stm32f405_template.elf.dir/stdlib/src/stm32f4xx_flash.c.o
FLASH_PrefetchBufferCmd                           CMakeFiles/stm32f405_template.elf.dir/stdlib/src/stm32f4xx_flash.c.o
FLASH_ProgramByte                                 CMakeFiles/stm32f405_template.elf.dir/stdlib/src/stm32f4xx_flash.c.o
FLASH_ProgramDoubleWord                           CMakeFiles/stm32f405_template.elf.dir/stdlib/src/stm32f4xx_flash.c.o
FLASH_ProgramHalfWord                             CMakeFiles/stm32f405_template.elf.dir/stdlib/src/stm32f4xx_flash.c.o
FLASH_ProgramWord                                 CMakeFiles/stm32f405_template.elf.dir/stdlib/src/stm32f4xx_flash.c.o
FLASH_SetLatency                                  CMakeFiles/stm32f405_template.elf.dir/stdlib/src/stm32f4xx_flash.c.o
FLASH_Unlock                                      CMakeFiles/stm32f405_template.elf.dir/stdlib/src/stm32f4xx_flash.c.o
FLASH_WaitForLastOperation                        CMakeFiles/stm32f405_template.elf.dir/stdlib/src/stm32f4xx_flash.c.o
FPU_IRQHandler                                    CMakeFiles/stm32f405_template.elf.dir/core/startup_stm32f40_41xxx.s.o
FSMC_IRQHandler                                   CMakeFiles/stm32f405_template.elf.dir/core/startup_stm32f40_41xxx.s.o
GLIBC_2.10                                        /usr/arm-linux-gnueabihf/lib/libc.so.6
GLIBC_2.11                                        /usr/arm-linux-gnueabihf/lib/libc.so.6
GLIBC_2.12                                        /usr/arm-linux-gnueabihf/lib/libc.so.6
GLIBC_2.13                                        /usr/arm-linux-gnueabihf/lib/libc.so.6
GLIBC_2.14                                        /usr/arm-linux-gnueabihf/lib/libc.so.6
GLIBC_2.15                                        /usr/arm-linux-gnueabihf/lib/libc.so.6
GLIBC_2.16                                        /usr/arm-linux-gnueabihf/lib/libc.so.6
GLIBC_2.17                                        /usr/arm-linux-gnueabihf/lib/libc.so.6
GLIBC_2.18                                        /usr/arm-linux-gnueabihf/lib/libc.so.6
GLIBC_2.22                                        /usr/arm-linux-gnueabihf/lib/libc.so.6
GLIBC_2.23                                        /usr/arm-linux-gnueabihf/lib/libc.so.6
GLIBC_2.24                                        /usr/arm-linux-gnueabihf/lib/libc.so.6
GLIBC_2.25                                        /usr/arm-linux-gnueabihf/lib/libc.so.6
GLIBC_2.26                                        /usr/arm-linux-gnueabihf/lib/libc.so.6
GLIBC_2.27                                        /usr/arm-linux-gnueabihf/lib/libc.so.6
GLIBC_2.28                                        /usr/arm-linux-gnueabihf/lib/libc.so.6
GLIBC_2.29                                        /usr/arm-linux-gnueabihf/lib/libc.so.6
GLIBC_2.30                                        /usr/arm-linux-gnueabihf/lib/libc.so.6
GLIBC_2.4                                         /usr/arm-linux-gnueabihf/lib/libc.so.6
                                                  /usr/arm-linux-gnueabihf/lib/ld-linux-armhf.so.3
GLIBC_2.5                                         /usr/arm-linux-gnueabihf/lib/libc.so.6
GLIBC_2.6                                         /usr/arm-linux-gnueabihf/lib/libc.so.6
GLIBC_2.7                                         /usr/arm-linux-gnueabihf/lib/libc.so.6
GLIBC_2.8                                         /usr/arm-linux-gnueabihf/lib/libc.so.6
GLIBC_2.9                                         /usr/arm-linux-gnueabihf/lib/libc.so.6
GLIBC_PRIVATE                                     /usr/arm-linux-gnueabihf/lib/libc.so.6
                                                  /usr/arm-linux-gnueabihf/lib/ld-linux-armhf.so.3
GPIO_DeInit                                       CMakeFiles/stm32f405_template.elf.dir/stdlib/src/stm32f4xx_gpio.c.o
GPIO_Init                                         CMakeFiles/stm32f405_template.elf.dir/stdlib/src/stm32f4xx_gpio.c.o
                                                  CMakeFiles/stm32f405_template.elf.dir/main/main.c.o
GPIO_PinAFConfig                                  CMakeFiles/stm32f405_template.elf.dir/stdlib/src/stm32f4xx_gpio.c.o
GPIO_PinLockConfig                                CMakeFiles/stm32f405_template.elf.dir/stdlib/src/stm32f4xx_gpio.c.o
GPIO_ReadInputData                                CMakeFiles/stm32f405_template.elf.dir/stdlib/src/stm32f4xx_gpio.c.o
GPIO_ReadInputDataBit                             CMakeFiles/stm32f405_template.elf.dir/stdlib/src/stm32f4xx_gpio.c.o
GPIO_ReadOutputData                               CMakeFiles/stm32f405_template.elf.dir/stdlib/src/stm32f4xx_gpio.c.o
GPIO_ReadOutputDataBit                            CMakeFiles/stm32f405_template.elf.dir/stdlib/src/stm32f4xx_gpio.c.o
GPIO_ResetBits                                    CMakeFiles/stm32f405_template.elf.dir/stdlib/src/stm32f4xx_gpio.c.o
GPIO_SetBits                                      CMakeFiles/stm32f405_template.elf.dir/stdlib/src/stm32f4xx_gpio.c.o
GPIO_StructInit                                   CMakeFiles/stm32f405_template.elf.dir/stdlib/src/stm32f4xx_gpio.c.o
GPIO_ToggleBits                                   CMakeFiles/stm32f405_template.elf.dir/stdlib/src/stm32f4xx_gpio.c.o
GPIO_Write                                        CMakeFiles/stm32f405_template.elf.dir/stdlib/src/stm32f4xx_gpio.c.o
GPIO_WriteBit                                     CMakeFiles/stm32f405_template.elf.dir/stdlib/src/stm32f4xx_gpio.c.o
HASH_AutoStartDigest                              CMakeFiles/stm32f405_template.elf.dir/stdlib/src/stm32f4xx_hash.c.o
HASH_ClearFlag                                    CMakeFiles/stm32f405_template.elf.dir/stdlib/src/stm32f4xx_hash.c.o
HASH_ClearITPendingBit                            CMakeFiles/stm32f405_template.elf.dir/stdlib/src/stm32f4xx_hash.c.o
HASH_DMACmd                                       CMakeFiles/stm32f405_template.elf.dir/stdlib/src/stm32f4xx_hash.c.o
HASH_DataIn                                       CMakeFiles/stm32f405_template.elf.dir/stdlib/src/stm32f4xx_hash.c.o
                                                  CMakeFiles/stm32f405_template.elf.dir/stdlib/src/stm32f4xx_hash_sha1.c.o
                                                  CMakeFiles/stm32f405_template.elf.dir/stdlib/src/stm32f4xx_hash_md5.c.o
HASH_DeInit                                       CMakeFiles/stm32f405_template.elf.dir/stdlib/src/stm32f4xx_hash.c.o
                                                  CMakeFiles/stm32f405_template.elf.dir/stdlib/src/stm32f4xx_hash_sha1.c.o
                                                  CMakeFiles/stm32f405_template.elf.dir/stdlib/src/stm32f4xx_hash_md5.c.o
HASH_GetDigest                                    CMakeFiles/stm32f405_template.elf.dir/stdlib/src/stm32f4xx_hash.c.o
                                                  CMakeFiles/stm32f405_template.elf.dir/stdlib/src/stm32f4xx_hash_sha1.c.o
                                                  CMakeFiles/stm32f405_template.elf.dir/stdlib/src/stm32f4xx_hash_md5.c.o
HASH_GetFlagStatus                                CMakeFiles/stm32f405_template.elf.dir/stdlib/src/stm32f4xx_hash.c.o
                                                  CMakeFiles/stm32f405_template.elf.dir/stdlib/src/stm32f4xx_hash_sha1.c.o
                                                  CMakeFiles/stm32f405_template.elf.dir/stdlib/src/stm32f4xx_hash_md5.c.o
HASH_GetITStatus                                  CMakeFiles/stm32f405_template.elf.dir/stdlib/src/stm32f4xx_hash.c.o
HASH_GetInFIFOWordsNbr                            CMakeFiles/stm32f405_template.elf.dir/stdlib/src/stm32f4xx_hash.c.o
HASH_ITConfig                                     CMakeFiles/stm32f405_template.elf.dir/stdlib/src/stm32f4xx_hash.c.o
HASH_Init                                         CMakeFiles/stm32f405_template.elf.dir/stdlib/src/stm32f4xx_hash.c.o
                                                  CMakeFiles/stm32f405_template.elf.dir/stdlib/src/stm32f4xx_hash_sha1.c.o
                                                  CMakeFiles/stm32f405_template.elf.dir/stdlib/src/stm32f4xx_hash_md5.c.o
HASH_MD5                                          CMakeFiles/stm32f405_template.elf.dir/stdlib/src/stm32f4xx_hash_md5.c.o
HASH_RNG_IRQHandler                               CMakeFiles/stm32f405_template.elf.dir/core/startup_stm32f40_41xxx.s.o
HASH_Reset                                        CMakeFiles/stm32f405_template.elf.dir/stdlib/src/stm32f4xx_hash.c.o
HASH_RestoreContext                               CMakeFiles/stm32f405_template.elf.dir/stdlib/src/stm32f4xx_hash.c.o
HASH_SHA1                                         CMakeFiles/stm32f405_template.elf.dir/stdlib/src/stm32f4xx_hash_sha1.c.o
HASH_SaveContext                                  CMakeFiles/stm32f405_template.elf.dir/stdlib/src/stm32f4xx_hash.c.o
HASH_SetLastWordValidBitsNbr                      CMakeFiles/stm32f405_template.elf.dir/stdlib/src/stm32f4xx_hash.c.o
                                                  CMakeFiles/stm32f405_template.elf.dir/stdlib/src/stm32f4xx_hash_sha1.c.o
                                                  CMakeFiles/stm32f405_template.elf.dir/stdlib/src/stm32f4xx_hash_md5.c.o
HASH_StartDigest                                  CMakeFiles/stm32f405_template.elf.dir/stdlib/src/stm32f4xx_hash.c.o
                                                  CMakeFiles/stm32f405_template.elf.dir/stdlib/src/stm32f4xx_hash_sha1.c.o
                                                  CMakeFiles/stm32f405_template.elf.dir/stdlib/src/stm32f4xx_hash_md5.c.o
HASH_StructInit                                   CMakeFiles/stm32f405_template.elf.dir/stdlib/src/stm32f4xx_hash.c.o
HMAC_MD5                                          CMakeFiles/stm32f405_template.elf.dir/stdlib/src/stm32f4xx_hash_md5.c.o
HMAC_SHA1                                         CMakeFiles/stm32f405_template.elf.dir/stdlib/src/stm32f4xx_hash_sha1.c.o
HardFault_Handler                                 CMakeFiles/stm32f405_template.elf.dir/core/startup_stm32f40_41xxx.s.o
I2C1_ER_IRQHandler                                CMakeFiles/stm32f405_template.elf.dir/core/startup_stm32f40_41xxx.s.o
I2C1_EV_IRQHandler                                CMakeFiles/stm32f405_template.elf.dir/core/startup_stm32f40_41xxx.s.o
I2C2_ER_IRQHandler                                CMakeFiles/stm32f405_template.elf.dir/core/startup_stm32f40_41xxx.s.o
I2C2_EV_IRQHandler                                CMakeFiles/stm32f405_template.elf.dir/core/startup_stm32f40_41xxx.s.o
I2C3_ER_IRQHandler                                CMakeFiles/stm32f405_template.elf.dir/core/startup_stm32f40_41xxx.s.o
I2C3_EV_IRQHandler                                CMakeFiles/stm32f405_template.elf.dir/core/startup_stm32f40_41xxx.s.o
I2C_ARPCmd                                        CMakeFiles/stm32f405_template.elf.dir/stdlib/src/stm32f4xx_i2c.c.o
I2C_AcknowledgeConfig                             CMakeFiles/stm32f405_template.elf.dir/stdlib/src/stm32f4xx_i2c.c.o
I2C_AnalogFilterCmd                               CMakeFiles/stm32f405_template.elf.dir/stdlib/src/stm32f4xx_i2c.c.o
I2C_CalculatePEC                                  CMakeFiles/stm32f405_template.elf.dir/stdlib/src/stm32f4xx_i2c.c.o
I2C_CheckEvent                                    CMakeFiles/stm32f405_template.elf.dir/stdlib/src/stm32f4xx_i2c.c.o
I2C_ClearFlag                                     CMakeFiles/stm32f405_template.elf.dir/stdlib/src/stm32f4xx_i2c.c.o
I2C_ClearITPendingBit                             CMakeFiles/stm32f405_template.elf.dir/stdlib/src/stm32f4xx_i2c.c.o
I2C_Cmd                                           CMakeFiles/stm32f405_template.elf.dir/stdlib/src/stm32f4xx_i2c.c.o
I2C_DMACmd                                        CMakeFiles/stm32f405_template.elf.dir/stdlib/src/stm32f4xx_i2c.c.o
I2C_DMALastTransferCmd                            CMakeFiles/stm32f405_template.elf.dir/stdlib/src/stm32f4xx_i2c.c.o
I2C_DeInit                                        CMakeFiles/stm32f405_template.elf.dir/stdlib/src/stm32f4xx_i2c.c.o
I2C_DigitalFilterConfig                           CMakeFiles/stm32f405_template.elf.dir/stdlib/src/stm32f4xx_i2c.c.o
I2C_DualAddressCmd                                CMakeFiles/stm32f405_template.elf.dir/stdlib/src/stm32f4xx_i2c.c.o
I2C_FastModeDutyCycleConfig                       CMakeFiles/stm32f405_template.elf.dir/stdlib/src/stm32f4xx_i2c.c.o
I2C_GeneralCallCmd                                CMakeFiles/stm32f405_template.elf.dir/stdlib/src/stm32f4xx_i2c.c.o
I2C_GenerateSTART                                 CMakeFiles/stm32f405_template.elf.dir/stdlib/src/stm32f4xx_i2c.c.o
I2C_GenerateSTOP                                  CMakeFiles/stm32f405_template.elf.dir/stdlib/src/stm32f4xx_i2c.c.o
I2C_GetFlagStatus                                 CMakeFiles/stm32f405_template.elf.dir/stdlib/src/stm32f4xx_i2c.c.o
I2C_GetITStatus                                   CMakeFiles/stm32f405_template.elf.dir/stdlib/src/stm32f4xx_i2c.c.o
I2C_GetLastEvent                                  CMakeFiles/stm32f405_template.elf.dir/stdlib/src/stm32f4xx_i2c.c.o
I2C_GetPEC                                        CMakeFiles/stm32f405_template.elf.dir/stdlib/src/stm32f4xx_i2c.c.o
I2C_ITConfig                                      CMakeFiles/stm32f405_template.elf.dir/stdlib/src/stm32f4xx_i2c.c.o
I2C_Init                                          CMakeFiles/stm32f405_template.elf.dir/stdlib/src/stm32f4xx_i2c.c.o
I2C_NACKPositionConfig                            CMakeFiles/stm32f405_template.elf.dir/stdlib/src/stm32f4xx_i2c.c.o
I2C_OwnAddress2Config                             CMakeFiles/stm32f405_template.elf.dir/stdlib/src/stm32f4xx_i2c.c.o
I2C_PECPositionConfig                             CMakeFiles/stm32f405_template.elf.dir/stdlib/src/stm32f4xx_i2c.c.o
I2C_ReadRegister                                  CMakeFiles/stm32f405_template.elf.dir/stdlib/src/stm32f4xx_i2c.c.o
I2C_ReceiveData                                   CMakeFiles/stm32f405_template.elf.dir/stdlib/src/stm32f4xx_i2c.c.o
I2C_SMBusAlertConfig                              CMakeFiles/stm32f405_template.elf.dir/stdlib/src/stm32f4xx_i2c.c.o
I2C_Send7bitAddress                               CMakeFiles/stm32f405_template.elf.dir/stdlib/src/stm32f4xx_i2c.c.o
I2C_SendData                                      CMakeFiles/stm32f405_template.elf.dir/stdlib/src/stm32f4xx_i2c.c.o
I2C_SoftwareResetCmd                              CMakeFiles/stm32f405_template.elf.dir/stdlib/src/stm32f4xx_i2c.c.o
I2C_StretchClockCmd                               CMakeFiles/stm32f405_template.elf.dir/stdlib/src/stm32f4xx_i2c.c.o
I2C_StructInit                                    CMakeFiles/stm32f405_template.elf.dir/stdlib/src/stm32f4xx_i2c.c.o
I2C_TransmitPEC                                   CMakeFiles/stm32f405_template.elf.dir/stdlib/src/stm32f4xx_i2c.c.o
I2S_Cmd                                           CMakeFiles/stm32f405_template.elf.dir/stdlib/src/stm32f4xx_spi.c.o
I2S_FullDuplexConfig                              CMakeFiles/stm32f405_template.elf.dir/stdlib/src/stm32f4xx_spi.c.o
I2S_Init                                          CMakeFiles/stm32f405_template.elf.dir/stdlib/src/stm32f4xx_spi.c.o
I2S_StructInit                                    CMakeFiles/stm32f405_template.elf.dir/stdlib/src/stm32f4xx_spi.c.o
IWDG_Enable                                       CMakeFiles/stm32f405_template.elf.dir/stdlib/src/stm32f4xx_iwdg.c.o
IWDG_GetFlagStatus                                CMakeFiles/stm32f405_template.elf.dir/stdlib/src/stm32f4xx_iwdg.c.o
IWDG_ReloadCounter                                CMakeFiles/stm32f405_template.elf.dir/stdlib/src/stm32f4xx_iwdg.c.o
IWDG_SetPrescaler                                 CMakeFiles/stm32f405_template.elf.dir/stdlib/src/stm32f4xx_iwdg.c.o
IWDG_SetReload                                    CMakeFiles/stm32f405_template.elf.dir/stdlib/src/stm32f4xx_iwdg.c.o
IWDG_WriteAccessCmd                               CMakeFiles/stm32f405_template.elf.dir/stdlib/src/stm32f4xx_iwdg.c.o
LTDC_CLUTCmd                                      CMakeFiles/stm32f405_template.elf.dir/stdlib/src/stm32f4xx_ltdc.c.o
LTDC_CLUTInit                                     CMakeFiles/stm32f405_template.elf.dir/stdlib/src/stm32f4xx_ltdc.c.o
LTDC_CLUTStructInit                               CMakeFiles/stm32f405_template.elf.dir/stdlib/src/stm32f4xx_ltdc.c.o
LTDC_ClearFlag                                    CMakeFiles/stm32f405_template.elf.dir/stdlib/src/stm32f4xx_ltdc.c.o
LTDC_ClearITPendingBit                            CMakeFiles/stm32f405_template.elf.dir/stdlib/src/stm32f4xx_ltdc.c.o
LTDC_Cmd                                          CMakeFiles/stm32f405_template.elf.dir/stdlib/src/stm32f4xx_ltdc.c.o
LTDC_ColorKeyingConfig                            CMakeFiles/stm32f405_template.elf.dir/stdlib/src/stm32f4xx_ltdc.c.o
LTDC_ColorKeyingStructInit                        CMakeFiles/stm32f405_template.elf.dir/stdlib/src/stm32f4xx_ltdc.c.o
LTDC_DeInit                                       CMakeFiles/stm32f405_template.elf.dir/stdlib/src/stm32f4xx_ltdc.c.o
LTDC_DitherCmd                                    CMakeFiles/stm32f405_template.elf.dir/stdlib/src/stm32f4xx_ltdc.c.o
LTDC_GetCDStatus                                  CMakeFiles/stm32f405_template.elf.dir/stdlib/src/stm32f4xx_ltdc.c.o
LTDC_GetFlagStatus                                CMakeFiles/stm32f405_template.elf.dir/stdlib/src/stm32f4xx_ltdc.c.o
LTDC_GetITStatus                                  CMakeFiles/stm32f405_template.elf.dir/stdlib/src/stm32f4xx_ltdc.c.o
LTDC_GetPosStatus                                 CMakeFiles/stm32f405_template.elf.dir/stdlib/src/stm32f4xx_ltdc.c.o
LTDC_GetRGBWidth                                  CMakeFiles/stm32f405_template.elf.dir/stdlib/src/stm32f4xx_ltdc.c.o
LTDC_ITConfig                                     CMakeFiles/stm32f405_template.elf.dir/stdlib/src/stm32f4xx_ltdc.c.o
LTDC_Init                                         CMakeFiles/stm32f405_template.elf.dir/stdlib/src/stm32f4xx_ltdc.c.o
LTDC_LIPConfig                                    CMakeFiles/stm32f405_template.elf.dir/stdlib/src/stm32f4xx_ltdc.c.o
LTDC_LayerAddress                                 CMakeFiles/stm32f405_template.elf.dir/stdlib/src/stm32f4xx_ltdc.c.o
LTDC_LayerAlpha                                   CMakeFiles/stm32f405_template.elf.dir/stdlib/src/stm32f4xx_ltdc.c.o
LTDC_LayerCmd                                     CMakeFiles/stm32f405_template.elf.dir/stdlib/src/stm32f4xx_ltdc.c.o
LTDC_LayerInit                                    CMakeFiles/stm32f405_template.elf.dir/stdlib/src/stm32f4xx_ltdc.c.o
LTDC_LayerPixelFormat                             CMakeFiles/stm32f405_template.elf.dir/stdlib/src/stm32f4xx_ltdc.c.o
LTDC_LayerPosition                                CMakeFiles/stm32f405_template.elf.dir/stdlib/src/stm32f4xx_ltdc.c.o
LTDC_LayerSize                                    CMakeFiles/stm32f405_template.elf.dir/stdlib/src/stm32f4xx_ltdc.c.o
LTDC_LayerStructInit                              CMakeFiles/stm32f405_template.elf.dir/stdlib/src/stm32f4xx_ltdc.c.o
LTDC_PosStructInit                                CMakeFiles/stm32f405_template.elf.dir/stdlib/src/stm32f4xx_ltdc.c.o
LTDC_RGBStructInit                                CMakeFiles/stm32f405_template.elf.dir/stdlib/src/stm32f4xx_ltdc.c.o
LTDC_ReloadConfig                                 CMakeFiles/stm32f405_template.elf.dir/stdlib/src/stm32f4xx_ltdc.c.o
LTDC_StructInit                                   CMakeFiles/stm32f405_template.elf.dir/stdlib/src/stm32f4xx_ltdc.c.o
MemManage_Handler                                 CMakeFiles/stm32f405_template.elf.dir/core/startup_stm32f40_41xxx.s.o
NMI_Handler                                       CMakeFiles/stm32f405_template.elf.dir/core/startup_stm32f40_41xxx.s.o
NVIC_Init                                         CMakeFiles/stm32f405_template.elf.dir/stdlib/src/misc.c.o
NVIC_PriorityGroupConfig                          CMakeFiles/stm32f405_template.elf.dir/stdlib/src/misc.c.o
NVIC_SetVectorTable                               CMakeFiles/stm32f405_template.elf.dir/stdlib/src/misc.c.o
NVIC_SystemLPConfig                               CMakeFiles/stm32f405_template.elf.dir/stdlib/src/misc.c.o
OTG_FS_IRQHandler                                 CMakeFiles/stm32f405_template.elf.dir/core/startup_stm32f40_41xxx.s.o
OTG_FS_WKUP_IRQHandler                            CMakeFiles/stm32f405_template.elf.dir/core/startup_stm32f40_41xxx.s.o
OTG_HS_EP1_IN_IRQHandler                          CMakeFiles/stm32f405_template.elf.dir/core/startup_stm32f40_41xxx.s.o
OTG_HS_EP1_OUT_IRQHandler                         CMakeFiles/stm32f405_template.elf.dir/core/startup_stm32f40_41xxx.s.o
OTG_HS_IRQHandler                                 CMakeFiles/stm32f405_template.elf.dir/core/startup_stm32f40_41xxx.s.o
OTG_HS_WKUP_IRQHandler                            CMakeFiles/stm32f405_template.elf.dir/core/startup_stm32f40_41xxx.s.o
PVD_IRQHandler                                    CMakeFiles/stm32f405_template.elf.dir/core/startup_stm32f40_41xxx.s.o
PWR_BackupAccessCmd                               CMakeFiles/stm32f405_template.elf.dir/stdlib/src/stm32f4xx_pwr.c.o
PWR_BackupRegulatorCmd                            CMakeFiles/stm32f405_template.elf.dir/stdlib/src/stm32f4xx_pwr.c.o
PWR_ClearFlag                                     CMakeFiles/stm32f405_template.elf.dir/stdlib/src/stm32f4xx_pwr.c.o
PWR_DeInit                                        CMakeFiles/stm32f405_template.elf.dir/stdlib/src/stm32f4xx_pwr.c.o
PWR_EnterSTANDBYMode                              CMakeFiles/stm32f405_template.elf.dir/stdlib/src/stm32f4xx_pwr.c.o
PWR_EnterSTOPMode                                 CMakeFiles/stm32f405_template.elf.dir/stdlib/src/stm32f4xx_pwr.c.o
PWR_EnterUnderDriveSTOPMode                       CMakeFiles/stm32f405_template.elf.dir/stdlib/src/stm32f4xx_pwr.c.o
PWR_FlashPowerDownCmd                             CMakeFiles/stm32f405_template.elf.dir/stdlib/src/stm32f4xx_pwr.c.o
PWR_GetFlagStatus                                 CMakeFiles/stm32f405_template.elf.dir/stdlib/src/stm32f4xx_pwr.c.o
PWR_MainRegulatorModeConfig                       CMakeFiles/stm32f405_template.elf.dir/stdlib/src/stm32f4xx_pwr.c.o
PWR_OverDriveCmd                                  CMakeFiles/stm32f405_template.elf.dir/stdlib/src/stm32f4xx_pwr.c.o
PWR_OverDriveSWCmd                                CMakeFiles/stm32f405_template.elf.dir/stdlib/src/stm32f4xx_pwr.c.o
PWR_PVDCmd                                        CMakeFiles/stm32f405_template.elf.dir/stdlib/src/stm32f4xx_pwr.c.o
PWR_PVDLevelConfig                                CMakeFiles/stm32f405_template.elf.dir/stdlib/src/stm32f4xx_pwr.c.o
PWR_UnderDriveCmd                                 CMakeFiles/stm32f405_template.elf.dir/stdlib/src/stm32f4xx_pwr.c.o
PWR_WakeUpPinCmd                                  CMakeFiles/stm32f405_template.elf.dir/stdlib/src/stm32f4xx_pwr.c.o
PendSV_Handler                                    CMakeFiles/stm32f405_template.elf.dir/core/startup_stm32f40_41xxx.s.o
RCC_AHB1PeriphClockCmd                            CMakeFiles/stm32f405_template.elf.dir/stdlib/src/stm32f4xx_rcc.c.o
                                                  CMakeFiles/stm32f405_template.elf.dir/main/main.c.o
RCC_AHB1PeriphClockLPModeCmd                      CMakeFiles/stm32f405_template.elf.dir/stdlib/src/stm32f4xx_rcc.c.o
RCC_AHB1PeriphResetCmd                            CMakeFiles/stm32f405_template.elf.dir/stdlib/src/stm32f4xx_rcc.c.o
                                                  CMakeFiles/stm32f405_template.elf.dir/stdlib/src/stm32f4xx_gpio.c.o
                                                  CMakeFiles/stm32f405_template.elf.dir/stdlib/src/stm32f4xx_dma2d.c.o
RCC_AHB2PeriphClockCmd                            CMakeFiles/stm32f405_template.elf.dir/stdlib/src/stm32f4xx_rcc.c.o
RCC_AHB2PeriphClockLPModeCmd                      CMakeFiles/stm32f405_template.elf.dir/stdlib/src/stm32f4xx_rcc.c.o
RCC_AHB2PeriphResetCmd                            CMakeFiles/stm32f405_template.elf.dir/stdlib/src/stm32f4xx_rcc.c.o
                                                  CMakeFiles/stm32f405_template.elf.dir/stdlib/src/stm32f4xx_rng.c.o
                                                  CMakeFiles/stm32f405_template.elf.dir/stdlib/src/stm32f4xx_hash.c.o
                                                  CMakeFiles/stm32f405_template.elf.dir/stdlib/src/stm32f4xx_cryp.c.o
RCC_AHB3PeriphClockCmd                            CMakeFiles/stm32f405_template.elf.dir/stdlib/src/stm32f4xx_rcc.c.o
RCC_AHB3PeriphClockLPModeCmd                      CMakeFiles/stm32f405_template.elf.dir/stdlib/src/stm32f4xx_rcc.c.o
RCC_AHB3PeriphResetCmd                            CMakeFiles/stm32f405_template.elf.dir/stdlib/src/stm32f4xx_rcc.c.o
RCC_APB1PeriphClockCmd                            CMakeFiles/stm32f405_template.elf.dir/stdlib/src/stm32f4xx_rcc.c.o
RCC_APB1PeriphClockLPModeCmd                      CMakeFiles/stm32f405_template.elf.dir/stdlib/src/stm32f4xx_rcc.c.o
RCC_APB1PeriphResetCmd                            CMakeFiles/stm32f405_template.elf.dir/stdlib/src/stm32f4xx_rcc.c.o
                                                  CMakeFiles/stm32f405_template.elf.dir/stdlib/src/stm32f4xx_wwdg.c.o
                                                  CMakeFiles/stm32f405_template.elf.dir/stdlib/src/stm32f4xx_usart.c.o
                                                  CMakeFiles/stm32f405_template.elf.dir/stdlib/src/stm32f4xx_tim.c.o
                                                  CMakeFiles/stm32f405_template.elf.dir/stdlib/src/stm32f4xx_spi.c.o
                                                  CMakeFiles/stm32f405_template.elf.dir/stdlib/src/stm32f4xx_pwr.c.o
                                                  CMakeFiles/stm32f405_template.elf.dir/stdlib/src/stm32f4xx_i2c.c.o
                                                  CMakeFiles/stm32f405_template.elf.dir/stdlib/src/stm32f4xx_dac.c.o
                                                  CMakeFiles/stm32f405_template.elf.dir/stdlib/src/stm32f4xx_can.c.o
RCC_APB2PeriphClockCmd                            CMakeFiles/stm32f405_template.elf.dir/stdlib/src/stm32f4xx_rcc.c.o
RCC_APB2PeriphClockLPModeCmd                      CMakeFiles/stm32f405_template.elf.dir/stdlib/src/stm32f4xx_rcc.c.o
RCC_APB2PeriphResetCmd                            CMakeFiles/stm32f405_template.elf.dir/stdlib/src/stm32f4xx_rcc.c.o
                                                  CMakeFiles/stm32f405_template.elf.dir/stdlib/src/stm32f4xx_usart.c.o
                                                  CMakeFiles/stm32f405_template.elf.dir/stdlib/src/stm32f4xx_tim.c.o
                                                  CMakeFiles/stm32f405_template.elf.dir/stdlib/src/stm32f4xx_syscfg.c.o
                                                  CMakeFiles/stm32f405_template.elf.dir/stdlib/src/stm32f4xx_spi.c.o
                                                  CMakeFiles/stm32f405_template.elf.dir/stdlib/src/stm32f4xx_sdio.c.o
                                                  CMakeFiles/stm32f405_template.elf.dir/stdlib/src/stm32f4xx_sai.c.o
                                                  CMakeFiles/stm32f405_template.elf.dir/stdlib/src/stm32f4xx_ltdc.c.o
                                                  CMakeFiles/stm32f405_template.elf.dir/stdlib/src/stm32f4xx_adc.c.o
RCC_AdjustHSICalibrationValue                     CMakeFiles/stm32f405_template.elf.dir/stdlib/src/stm32f4xx_rcc.c.o
RCC_BackupResetCmd                                CMakeFiles/stm32f405_template.elf.dir/stdlib/src/stm32f4xx_rcc.c.o
RCC_ClearFlag                                     CMakeFiles/stm32f405_template.elf.dir/stdlib/src/stm32f4xx_rcc.c.o
RCC_ClearITPendingBit                             CMakeFiles/stm32f405_template.elf.dir/stdlib/src/stm32f4xx_rcc.c.o
RCC_ClockSecuritySystemCmd                        CMakeFiles/stm32f405_template.elf.dir/stdlib/src/stm32f4xx_rcc.c.o
RCC_DeInit                                        CMakeFiles/stm32f405_template.elf.dir/stdlib/src/stm32f4xx_rcc.c.o
RCC_GetClocksFreq                                 CMakeFiles/stm32f405_template.elf.dir/stdlib/src/stm32f4xx_rcc.c.o
                                                  CMakeFiles/stm32f405_template.elf.dir/stdlib/src/stm32f4xx_usart.c.o
                                                  CMakeFiles/stm32f405_template.elf.dir/stdlib/src/stm32f4xx_i2c.c.o
RCC_GetFlagStatus                                 CMakeFiles/stm32f405_template.elf.dir/stdlib/src/stm32f4xx_rcc.c.o
RCC_GetITStatus                                   CMakeFiles/stm32f405_template.elf.dir/stdlib/src/stm32f4xx_rcc.c.o
RCC_GetSYSCLKSource                               CMakeFiles/stm32f405_template.elf.dir/stdlib/src/stm32f4xx_rcc.c.o
RCC_HCLKConfig                                    CMakeFiles/stm32f405_template.elf.dir/stdlib/src/stm32f4xx_rcc.c.o
RCC_HSEConfig                                     CMakeFiles/stm32f405_template.elf.dir/stdlib/src/stm32f4xx_rcc.c.o
RCC_HSICmd                                        CMakeFiles/stm32f405_template.elf.dir/stdlib/src/stm32f4xx_rcc.c.o
RCC_I2SCLKConfig                                  CMakeFiles/stm32f405_template.elf.dir/stdlib/src/stm32f4xx_rcc.c.o
RCC_IRQHandler                                    CMakeFiles/stm32f405_template.elf.dir/core/startup_stm32f40_41xxx.s.o
RCC_ITConfig                                      CMakeFiles/stm32f405_template.elf.dir/stdlib/src/stm32f4xx_rcc.c.o
RCC_LSEConfig                                     CMakeFiles/stm32f405_template.elf.dir/stdlib/src/stm32f4xx_rcc.c.o
RCC_LSEModeConfig                                 CMakeFiles/stm32f405_template.elf.dir/stdlib/src/stm32f4xx_rcc.c.o
RCC_LSICmd                                        CMakeFiles/stm32f405_template.elf.dir/stdlib/src/stm32f4xx_rcc.c.o
RCC_LTDCCLKDivConfig                              CMakeFiles/stm32f405_template.elf.dir/stdlib/src/stm32f4xx_rcc.c.o
RCC_MCO1Config                                    CMakeFiles/stm32f405_template.elf.dir/stdlib/src/stm32f4xx_rcc.c.o
RCC_MCO2Config                                    CMakeFiles/stm32f405_template.elf.dir/stdlib/src/stm32f4xx_rcc.c.o
RCC_PCLK1Config                                   CMakeFiles/stm32f405_template.elf.dir/stdlib/src/stm32f4xx_rcc.c.o
RCC_PCLK2Config                                   CMakeFiles/stm32f405_template.elf.dir/stdlib/src/stm32f4xx_rcc.c.o
RCC_PLLCmd                                        CMakeFiles/stm32f405_template.elf.dir/stdlib/src/stm32f4xx_rcc.c.o
RCC_PLLConfig                                     CMakeFiles/stm32f405_template.elf.dir/stdlib/src/stm32f4xx_rcc.c.o
RCC_PLLI2SCmd                                     CMakeFiles/stm32f405_template.elf.dir/stdlib/src/stm32f4xx_rcc.c.o
RCC_PLLI2SConfig                                  CMakeFiles/stm32f405_template.elf.dir/stdlib/src/stm32f4xx_rcc.c.o
RCC_PLLSAICmd                                     CMakeFiles/stm32f405_template.elf.dir/stdlib/src/stm32f4xx_rcc.c.o
RCC_PLLSAIConfig                                  CMakeFiles/stm32f405_template.elf.dir/stdlib/src/stm32f4xx_rcc.c.o
RCC_RTCCLKCmd                                     CMakeFiles/stm32f405_template.elf.dir/stdlib/src/stm32f4xx_rcc.c.o
RCC_RTCCLKConfig                                  CMakeFiles/stm32f405_template.elf.dir/stdlib/src/stm32f4xx_rcc.c.o
RCC_SAIBlockACLKConfig                            CMakeFiles/stm32f405_template.elf.dir/stdlib/src/stm32f4xx_rcc.c.o
RCC_SAIBlockBCLKConfig                            CMakeFiles/stm32f405_template.elf.dir/stdlib/src/stm32f4xx_rcc.c.o
RCC_SAIPLLI2SClkDivConfig                         CMakeFiles/stm32f405_template.elf.dir/stdlib/src/stm32f4xx_rcc.c.o
RCC_SAIPLLSAIClkDivConfig                         CMakeFiles/stm32f405_template.elf.dir/stdlib/src/stm32f4xx_rcc.c.o
RCC_SYSCLKConfig                                  CMakeFiles/stm32f405_template.elf.dir/stdlib/src/stm32f4xx_rcc.c.o
RCC_TIMCLKPresConfig                              CMakeFiles/stm32f405_template.elf.dir/stdlib/src/stm32f4xx_rcc.c.o
RCC_WaitForHSEStartUp                             CMakeFiles/stm32f405_template.elf.dir/stdlib/src/stm32f4xx_rcc.c.o
RNG_ClearFlag                                     CMakeFiles/stm32f405_template.elf.dir/stdlib/src/stm32f4xx_rng.c.o
RNG_ClearITPendingBit                             CMakeFiles/stm32f405_template.elf.dir/stdlib/src/stm32f4xx_rng.c.o
RNG_Cmd                                           CMakeFiles/stm32f405_template.elf.dir/stdlib/src/stm32f4xx_rng.c.o
RNG_DeInit                                        CMakeFiles/stm32f405_template.elf.dir/stdlib/src/stm32f4xx_rng.c.o
RNG_GetFlagStatus                                 CMakeFiles/stm32f405_template.elf.dir/stdlib/src/stm32f4xx_rng.c.o
RNG_GetITStatus                                   CMakeFiles/stm32f405_template.elf.dir/stdlib/src/stm32f4xx_rng.c.o
RNG_GetRandomNumber                               CMakeFiles/stm32f405_template.elf.dir/stdlib/src/stm32f4xx_rng.c.o
RNG_ITConfig                                      CMakeFiles/stm32f405_template.elf.dir/stdlib/src/stm32f4xx_rng.c.o
RTC_AlarmCmd                                      CMakeFiles/stm32f405_template.elf.dir/stdlib/src/stm32f4xx_rtc.c.o
RTC_AlarmStructInit                               CMakeFiles/stm32f405_template.elf.dir/stdlib/src/stm32f4xx_rtc.c.o
RTC_AlarmSubSecondConfig                          CMakeFiles/stm32f405_template.elf.dir/stdlib/src/stm32f4xx_rtc.c.o
RTC_Alarm_IRQHandler                              CMakeFiles/stm32f405_template.elf.dir/core/startup_stm32f40_41xxx.s.o
RTC_BypassShadowCmd                               CMakeFiles/stm32f405_template.elf.dir/stdlib/src/stm32f4xx_rtc.c.o
RTC_CalibOutputCmd                                CMakeFiles/stm32f405_template.elf.dir/stdlib/src/stm32f4xx_rtc.c.o
RTC_CalibOutputConfig                             CMakeFiles/stm32f405_template.elf.dir/stdlib/src/stm32f4xx_rtc.c.o
RTC_ClearFlag                                     CMakeFiles/stm32f405_template.elf.dir/stdlib/src/stm32f4xx_rtc.c.o